Archive member included to satisfy reference by file (symbol)

c:/st/stm32cubeide_1.7.0/stm32cubeide/plugins/com.st.stm32cube.ide.mcu.externaltools.gnu-tools-for-stm32.9-2020-q2-update.win32_2.0.0.202105311346/tools/bin/../lib/gcc/arm-none-eabi/9.3.1/../../../../arm-none-eabi/lib/thumb/v7e-m+fp/hard\libstdc++_nano.a(pure.o)
                              ./Core/Src/mainpp.o (__cxa_pure_virtual)
c:/st/stm32cubeide_1.7.0/stm32cubeide/plugins/com.st.stm32cube.ide.mcu.externaltools.gnu-tools-for-stm32.9-2020-q2-update.win32_2.0.0.202105311346/tools/bin/../lib/gcc/arm-none-eabi/9.3.1/../../../../arm-none-eabi/lib/thumb/v7e-m+fp/hard\libstdc++_nano.a(eh_terminate.o)
                              c:/st/stm32cubeide_1.7.0/stm32cubeide/plugins/com.st.stm32cube.ide.mcu.externaltools.gnu-tools-for-stm32.9-2020-q2-update.win32_2.0.0.202105311346/tools/bin/../lib/gcc/arm-none-eabi/9.3.1/../../../../arm-none-eabi/lib/thumb/v7e-m+fp/hard\libstdc++_nano.a(pure.o) (std::terminate())
c:/st/stm32cubeide_1.7.0/stm32cubeide/plugins/com.st.stm32cube.ide.mcu.externaltools.gnu-tools-for-stm32.9-2020-q2-update.win32_2.0.0.202105311346/tools/bin/../lib/gcc/arm-none-eabi/9.3.1/../../../../arm-none-eabi/lib/thumb/v7e-m+fp/hard\libstdc++_nano.a(eh_unex_handler.o)
                              c:/st/stm32cubeide_1.7.0/stm32cubeide/plugins/com.st.stm32cube.ide.mcu.externaltools.gnu-tools-for-stm32.9-2020-q2-update.win32_2.0.0.202105311346/tools/bin/../lib/gcc/arm-none-eabi/9.3.1/../../../../arm-none-eabi/lib/thumb/v7e-m+fp/hard\libstdc++_nano.a(eh_terminate.o) (__cxxabiv1::__unexpected_handler)
c:/st/stm32cubeide_1.7.0/stm32cubeide/plugins/com.st.stm32cube.ide.mcu.externaltools.gnu-tools-for-stm32.9-2020-q2-update.win32_2.0.0.202105311346/tools/bin/../lib/gcc/arm-none-eabi/9.3.1/../../../../arm-none-eabi/lib/thumb/v7e-m+fp/hard\libstdc++_nano.a(eh_term_handler.o)
                              c:/st/stm32cubeide_1.7.0/stm32cubeide/plugins/com.st.stm32cube.ide.mcu.externaltools.gnu-tools-for-stm32.9-2020-q2-update.win32_2.0.0.202105311346/tools/bin/../lib/gcc/arm-none-eabi/9.3.1/../../../../arm-none-eabi/lib/thumb/v7e-m+fp/hard\libstdc++_nano.a(eh_terminate.o) (__cxxabiv1::__terminate_handler)
c:/st/stm32cubeide_1.7.0/stm32cubeide/plugins/com.st.stm32cube.ide.mcu.externaltools.gnu-tools-for-stm32.9-2020-q2-update.win32_2.0.0.202105311346/tools/bin/../lib/gcc/arm-none-eabi/9.3.1/../../../../arm-none-eabi/lib/thumb/v7e-m+fp/hard\libm.a(lib_a-s_cos.o)
                              ./Core/Src/mainpp.o (cos)
c:/st/stm32cubeide_1.7.0/stm32cubeide/plugins/com.st.stm32cube.ide.mcu.externaltools.gnu-tools-for-stm32.9-2020-q2-update.win32_2.0.0.202105311346/tools/bin/../lib/gcc/arm-none-eabi/9.3.1/../../../../arm-none-eabi/lib/thumb/v7e-m+fp/hard\libm.a(lib_a-s_sin.o)
                              ./Core/Src/mainpp.o (sin)
c:/st/stm32cubeide_1.7.0/stm32cubeide/plugins/com.st.stm32cube.ide.mcu.externaltools.gnu-tools-for-stm32.9-2020-q2-update.win32_2.0.0.202105311346/tools/bin/../lib/gcc/arm-none-eabi/9.3.1/../../../../arm-none-eabi/lib/thumb/v7e-m+fp/hard\libm.a(lib_a-wf_atan2.o)
                              ./Core/Src/mainpp.o (atan2f)
c:/st/stm32cubeide_1.7.0/stm32cubeide/plugins/com.st.stm32cube.ide.mcu.externaltools.gnu-tools-for-stm32.9-2020-q2-update.win32_2.0.0.202105311346/tools/bin/../lib/gcc/arm-none-eabi/9.3.1/../../../../arm-none-eabi/lib/thumb/v7e-m+fp/hard\libm.a(lib_a-e_rem_pio2.o)
                              c:/st/stm32cubeide_1.7.0/stm32cubeide/plugins/com.st.stm32cube.ide.mcu.externaltools.gnu-tools-for-stm32.9-2020-q2-update.win32_2.0.0.202105311346/tools/bin/../lib/gcc/arm-none-eabi/9.3.1/../../../../arm-none-eabi/lib/thumb/v7e-m+fp/hard\libm.a(lib_a-s_cos.o) (__ieee754_rem_pio2)
c:/st/stm32cubeide_1.7.0/stm32cubeide/plugins/com.st.stm32cube.ide.mcu.externaltools.gnu-tools-for-stm32.9-2020-q2-update.win32_2.0.0.202105311346/tools/bin/../lib/gcc/arm-none-eabi/9.3.1/../../../../arm-none-eabi/lib/thumb/v7e-m+fp/hard\libm.a(lib_a-ef_atan2.o)
                              c:/st/stm32cubeide_1.7.0/stm32cubeide/plugins/com.st.stm32cube.ide.mcu.externaltools.gnu-tools-for-stm32.9-2020-q2-update.win32_2.0.0.202105311346/tools/bin/../lib/gcc/arm-none-eabi/9.3.1/../../../../arm-none-eabi/lib/thumb/v7e-m+fp/hard\libm.a(lib_a-wf_atan2.o) (__ieee754_atan2f)
c:/st/stm32cubeide_1.7.0/stm32cubeide/plugins/com.st.stm32cube.ide.mcu.externaltools.gnu-tools-for-stm32.9-2020-q2-update.win32_2.0.0.202105311346/tools/bin/../lib/gcc/arm-none-eabi/9.3.1/../../../../arm-none-eabi/lib/thumb/v7e-m+fp/hard\libm.a(lib_a-k_cos.o)
                              c:/st/stm32cubeide_1.7.0/stm32cubeide/plugins/com.st.stm32cube.ide.mcu.externaltools.gnu-tools-for-stm32.9-2020-q2-update.win32_2.0.0.202105311346/tools/bin/../lib/gcc/arm-none-eabi/9.3.1/../../../../arm-none-eabi/lib/thumb/v7e-m+fp/hard\libm.a(lib_a-s_cos.o) (__kernel_cos)
[...]
Memory Configuration

Name             Origin             Length             Attributes
CCMRAM           0x0000000010000000 0x0000000000010000 xrw
RAM              0x0000000020000000 0x0000000000030000 xrw
FLASH            0x0000000008000000 0x0000000000200000 xr
*default*        0x0000000000000000 0xffffffffffffffff

Linker script and memory map

LOAD c:/st/stm32cubeide_1.7.0/stm32cubeide/plugins/com.st.stm32cube.ide.mcu.externaltools.gnu-tools-for-stm32.9-2020-q2-update.win32_2.0.0.202105311346/tools/bin/../lib/gcc/arm-none-eabi/9.3.1/thumb/v7e-m+fp/hard/crti.o
LOAD c:/st/stm32cubeide_1.7.0/stm32cubeide/plugins/com.st.stm32cube.ide.mcu.externaltools.gnu-tools-for-stm32.9-2020-q2-update.win32_2.0.0.202105311346/tools/bin/../lib/gcc/arm-none-eabi/9.3.1/thumb/v7e-m+fp/hard/crtbegin.o
LOAD c:/st/stm32cubeide_1.7.0/stm32cubeide/plugins/com.st.stm32cube.ide.mcu.externaltools.gnu-tools-for-stm32.9-2020-q2-update.win32_2.0.0.202105311346/tools/bin/../lib/gcc/arm-none-eabi/9.3.1/../../../../arm-none-eabi/lib/thumb/v7e-m+fp/hard/crt0.o
LOAD ./Core/Inc/turtlebot3_ros_lib/duration.o
LOAD ./Core/Inc/turtlebot3_ros_lib/time.o
LOAD ./Core/Src/main.o
LOAD ./Core/Src/mainpp.o
LOAD ./Core/Src/stm32f4xx_hal_msp.o
LOAD ./Core/Src/stm32f4xx_it.o
LOAD ./Core/Src/syscalls.o
LOAD ./Core/Src/sysmem.o
LOAD ./Core/Src/system_stm32f4xx.o
LOAD ./Core/Startup/startup_stm32f429zitx.o
LOAD ./Drivers/STM32F4xx_HAL_Driver/Src/stm32f4xx_hal.o
LOAD ./Drivers/STM32F4xx_HAL_Driver/Src/stm32f4xx_hal_cortex.o
LOAD ./Drivers/STM32F4xx_HAL_Driver/Src/stm32f4xx_hal_dma.o
LOAD ./Drivers/STM32F4xx_HAL_Driver/Src/stm32f4xx_hal_dma_ex.o
LOAD ./Drivers/STM32F4xx_HAL_Driver/Src/stm32f4xx_hal_exti.o
LOAD ./Drivers/STM32F4xx_HAL_Driver/Src/stm32f4xx_hal_flash.o
LOAD ./Drivers/STM32F4xx_HAL_Driver/Src/stm32f4xx_hal_flash_ex.o
LOAD ./Drivers/STM32F4xx_HAL_Driver/Src/stm32f4xx_hal_flash_ramfunc.o
LOAD ./Drivers/STM32F4xx_HAL_Driver/Src/stm32f4xx_hal_gpio.o
LOAD ./Drivers/STM32F4xx_HAL_Driver/Src/stm32f4xx_hal_pwr.o
LOAD ./Drivers/STM32F4xx_HAL_Driver/Src/stm32f4xx_hal_pwr_ex.o
LOAD ./Drivers/STM32F4xx_HAL_Driver/Src/stm32f4xx_hal_rcc.o
LOAD ./Drivers/STM32F4xx_HAL_Driver/Src/stm32f4xx_hal_rcc_ex.o
LOAD ./Drivers/STM32F4xx_HAL_Driver/Src/stm32f4xx_hal_tim.o
LOAD ./Drivers/STM32F4xx_HAL_Driver/Src/stm32f4xx_hal_tim_ex.o
LOAD ./Drivers/STM32F4xx_HAL_Driver/Src/stm32f4xx_hal_uart.o
START GROUP
LOAD c:/st/stm32cubeide_1.7.0/stm32cubeide/plugins/com.st.stm32cube.ide.mcu.externaltools.gnu-tools-for-stm32.9-2020-q2-update.win32_2.0.0.202105311346/tools/bin/../lib/gcc/arm-none-eabi/9.3.1/../../../../arm-none-eabi/lib/thumb/v7e-m+fp/hard\libstdc++_nano.a
LOAD c:/st/stm32cubeide_1.7.0/stm32cubeide/plugins/com.st.stm32cube.ide.mcu.externaltools.gnu-tools-for-stm32.9-2020-q2-update.win32_2.0.0.202105311346/tools/bin/../lib/gcc/arm-none-eabi/9.3.1/../../../../arm-none-eabi/lib/thumb/v7e-m+fp/hard\libsupc++_nano.a
END GROUP
LOAD c:/st/stm32cubeide_1.7.0/stm32cubeide/plugins/com.st.stm32cube.ide.mcu.externaltools.gnu-tools-for-stm32.9-2020-q2-update.win32_2.0.0.202105311346/tools/bin/../lib/gcc/arm-none-eabi/9.3.1/../../../../arm-none-eabi/lib/thumb/v7e-m+fp/hard\libstdc++_nano.a
LOAD c:/st/stm32cubeide_1.7.0/stm32cubeide/plugins/com.st.stm32cube.ide.mcu.externaltools.gnu-tools-for-stm32.9-2020-q2-update.win32_2.0.0.202105311346/tools/bin/../lib/gcc/arm-none-eabi/9.3.1/../../../../arm-none-eabi/lib/thumb/v7e-m+fp/hard\libm.a
LOAD c:/st/stm32cubeide_1.7.0/stm32cubeide/plugins/com.st.stm32cube.ide.mcu.externaltools.gnu-tools-for-stm32.9-2020-q2-update.win32_2.0.0.202105311346/tools/bin/../lib/gcc/arm-none-eabi/9.3.1/../../../../arm-none-eabi/lib/thumb/v7e-m+fp/hard\libc_nano.a
START GROUP
LOAD c:/st/stm32cubeide_1.7.0/stm32cubeide/plugins/com.st.stm32cube.ide.mcu.externaltools.gnu-tools-for-stm32.9-2020-q2-update.win32_2.0.0.202105311346/tools/bin/../lib/gcc/arm-none-eabi/9.3.1/thumb/v7e-m+fp/hard\libgcc.a
LOAD c:/st/stm32cubeide_1.7.0/stm32cubeide/plugins/com.st.stm32cube.ide.mcu.externaltools.gnu-tools-for-stm32.9-2020-q2-update.win32_2.0.0.202105311346/tools/bin/../lib/gcc/arm-none-eabi/9.3.1/../../../../arm-none-eabi/lib/thumb/v7e-m+fp/hard\libc_nano.a
END GROUP
START GROUP
LOAD c:/st/stm32cubeide_1.7.0/stm32cubeide/plugins/com.st.stm32cube.ide.mcu.externaltools.gnu-tools-for-stm32.9-2020-q2-update.win32_2.0.0.202105311346/tools/bin/../lib/gcc/arm-none-eabi/9.3.1/thumb/v7e-m+fp/hard\libgcc.a
LOAD c:/st/stm32cubeide_1.7.0/stm32cubeide/plugins/com.st.stm32cube.ide.mcu.externaltools.gnu-tools-for-stm32.9-2020-q2-update.win32_2.0.0.202105311346/tools/bin/../lib/gcc/arm-none-eabi/9.3.1/../../../../arm-none-eabi/lib/thumb/v7e-m+fp/hard\libc_nano.a
END GROUP
LOAD c:/st/stm32cubeide_1.7.0/stm32cubeide/plugins/com.st.stm32cube.ide.mcu.externaltools.gnu-tools-for-stm32.9-2020-q2-update.win32_2.0.0.202105311346/tools/bin/../lib/gcc/arm-none-eabi/9.3.1/thumb/v7e-m+fp/hard/crtend.o
LOAD c:/st/stm32cubeide_1.7.0/stm32cubeide/plugins/com.st.stm32cube.ide.mcu.externaltools.gnu-tools-for-stm32.9-2020-q2-update.win32_2.0.0.202105311346/tools/bin/../lib/gcc/arm-none-eabi/9.3.1/thumb/v7e-m+fp/hard/crtn.o
                0x0000000020030000                _estack = (ORIGIN (RAM) + LENGTH (RAM))
                0x0000000000000200                _Min_Heap_Size = 0x200
                0x0000000000000400                _Min_Stack_Size = 0x400

.isr_vector     0x0000000008000000      0x1ac
                0x0000000008000000                . = ALIGN (0x4)
 *(.isr_vector)
 .isr_vector    0x0000000008000000      0x1ac ./Core/Startup/startup_stm32f429zitx.o
                0x0000000008000000                g_pfnVectors
                0x00000000080001ac                . = ALIGN (0x4)

.text           0x00000000080001b0     0xc6e0
                0x00000000080001b0                . = ALIGN (0x4)
 *(.text)
 .text          0x00000000080001b0       0x40 c:/st/stm32cubeide_1.7.0/stm32cubeide/plugins/com.st.stm32cube.ide.mcu.externaltools.gnu-tools-for-stm32.9-2020-q2-update.win32_2.0.0.202105311346/tools/bin/../lib/gcc/arm-none-eabi/9.3.1/thumb/v7e-m+fp/hard/crtbegin.o
 .text          0x00000000080001f0       0x10 c:/st/stm32cubeide_1.7.0/stm32cubeide/plugins/com.st.stm32cube.ide.mcu.externaltools.gnu-tools-for-stm32.9-2020-q2-update.win32_2.0.0.202105311346/tools/bin/../lib/gcc/arm-none-eabi/9.3.1/../../../../arm-none-eabi/lib/thumb/v7e-m+fp/hard\libc_nano.a(lib_a-strlen.o)
                0x00000000080001f0                strlen
 .text          0x0000000008000200       0xa0 c:/st/stm32cubeide_1.7.0/stm32cubeide/plugins/com.st.stm32cube.ide.mcu.externaltools.gnu-tools-for-stm32.9-2020-q2-update.win32_2.0.0.202105311346/tools/bin/../lib/gcc/arm-none-eabi/9.3.1/../../../../arm-none-eabi/lib/thumb/v7e-m+fp/hard\libc_nano.a(lib_a-memchr.o)
                0x0000000008000200                memchr
 .text          0x00000000080002a0      0x378 c:/st/stm32cubeide_1.7.0/stm32cubeide/plugins/com.st.stm32cube.ide.mcu.externaltools.gnu-tools-for-stm32.9-2020-q2-update.win32_2.0.0.202105311346/tools/bin/../lib/gcc/arm-none-eabi/9.3.1/thumb/v7e-m+fp/hard\libgcc.a(_arm_addsubdf3.o)
                0x00000000080002a0                __aeabi_drsub
                0x00000000080002a8                __aeabi_dsub
                0x00000000080002a8                __subdf3
                0x00000000080002ac                __aeabi_dadd
                0x00000000080002ac                __adddf3
                0x0000000008000524                __floatunsidf
                0x0000000008000524                __aeabi_ui2d
                0x0000000008000544                __floatsidf
                0x0000000008000544                __aeabi_i2d
                0x0000000008000568                __aeabi_f2d
                0x0000000008000568                __extendsfdf2
                0x00000000080005ac                __floatundidf
                0x00000000080005ac                __aeabi_ul2d
                0x00000000080005bc                __floatdidf
                0x00000000080005bc                __aeabi_l2d
 .text          0x0000000008000618      0x424 c:/st/stm32cubeide_1.7.0/stm32cubeide/plugins/com.st.stm32cube.ide.mcu.externaltools.gnu-tools-for-stm32.9-2020-q2-update.win32_2.0.0.202105311346/tools/bin/../lib/gcc/arm-none-eabi/9.3.1/thumb/v7e-m+fp/hard\libgcc.a(_arm_muldivdf3.o)
                0x0000000008000618                __aeabi_dmul
                0x0000000008000618                __muldf3
                0x000000000800086c                __divdf3
                0x000000000800086c                __aeabi_ddiv
 .text          0x0000000008000a3c      0x110 c:/st/stm32cubeide_1.7.0/stm32cubeide/plugins/com.st.stm32cube.ide.mcu.externaltools.gnu-tools-for-stm32.9-2020-q2-update.win32_2.0.0.202105311346/tools/bin/../lib/gcc/arm-none-eabi/9.3.1/thumb/v7e-m+fp/hard\libgcc.a(_arm_cmpdf2.o)
                0x0000000008000a3c                __gtdf2
                0x0000000008000a3c                __gedf2
                0x0000000008000a44                __ltdf2
                0x0000000008000a44                __ledf2
                0x0000000008000a4c                __nedf2
                0x0000000008000a4c                __eqdf2
                0x0000000008000a4c                __cmpdf2
                0x0000000008000ac8                __aeabi_cdrcmple
                0x0000000008000ad8                __aeabi_cdcmpeq
                0x0000000008000ad8                __aeabi_cdcmple
                0x0000000008000ae8                __aeabi_dcmpeq
                0x0000000008000afc                __aeabi_dcmplt
                0x0000000008000b10                __aeabi_dcmple
                0x0000000008000b24                __aeabi_dcmpge
                0x0000000008000b38                __aeabi_dcmpgt
 .text          0x0000000008000b4c       0x2c c:/st/stm32cubeide_1.7.0/stm32cubeide/plugins/com.st.stm32cube.ide.mcu.externaltools.gnu-tools-for-stm32.9-2020-q2-update.win32_2.0.0.202105311346/tools/bin/../lib/gcc/arm-none-eabi/9.3.1/thumb/v7e-m+fp/hard\libgcc.a(_arm_unorddf2.o)
                0x0000000008000b4c                __unorddf2
                0x0000000008000b4c                __aeabi_dcmpun
 .text          0x0000000008000b78       0x50 c:/st/stm32cubeide_1.7.0/stm32cubeide/plugins/com.st.stm32cube.ide.mcu.externaltools.gnu-tools-for-stm32.9-2020-q2-update.win32_2.0.0.202105311346/tools/bin/../lib/gcc/arm-none-eabi/9.3.1/thumb/v7e-m+fp/hard\libgcc.a(_arm_fixdfsi.o)
                0x0000000008000b78                __aeabi_d2iz
                0x0000000008000b78                __fixdfsi
 .text          0x0000000008000bc8       0xa0 c:/st/stm32cubeide_1.7.0/stm32cubeide/plugins/com.st.stm32cube.ide.mcu.externaltools.gnu-tools-for-stm32.9-2020-q2-update.win32_2.0.0.202105311346/tools/bin/../lib/gcc/arm-none-eabi/9.3.1/thumb/v7e-m+fp/hard\libgcc.a(_arm_truncdfsf2.o)
                0x0000000008000bc8                __truncdfsf2
                0x0000000008000bc8                __aeabi_d2f
 .text          0x0000000008000c68       0x30 c:/st/stm32cubeide_1.7.0/stm32cubeide/plugins/com.st.stm32cube.ide.mcu.externaltools.gnu-tools-for-stm32.9-2020-q2-update.win32_2.0.0.202105311346/tools/bin/../lib/gcc/arm-none-eabi/9.3.1/thumb/v7e-m+fp/hard\libgcc.a(_aeabi_uldivmod.o)
                0x0000000008000c68                __aeabi_uldivmod
 .text          0x0000000008000c98      0x2c4 c:/st/stm32cubeide_1.7.0/stm32cubeide/plugins/com.st.stm32cube.ide.mcu.externaltools.gnu-tools-for-stm32.9-2020-q2-update.win32_2.0.0.202105311346/tools/bin/../lib/gcc/arm-none-eabi/9.3.1/thumb/v7e-m+fp/hard\libgcc.a(_udivmoddi4.o)
                0x0000000008000c98                __udivmoddi4
 .text          0x0000000008000f5c        0x4 c:/st/stm32cubeide_1.7.0/stm32cubeide/plugins/com.st.stm32cube.ide.mcu.externaltools.gnu-tools-for-stm32.9-2020-q2-update.win32_2.0.0.202105311346/tools/bin/../lib/gcc/arm-none-eabi/9.3.1/thumb/v7e-m+fp/hard\libgcc.a(_dvmd_tls.o)
                0x0000000008000f5c                __aeabi_idiv0
                0x0000000008000f5c                __aeabi_ldiv0
 *(.text*)
 .text._ZN3ros16normalizeSecNSecERmS0_
                0x0000000008000f60       0x58 ./Core/Inc/turtlebot3_ros_lib/time.o
                0x0000000008000f60                ros::normalizeSecNSec(unsigned long&, unsigned long&)
 .text.main     0x0000000008000fb8       0x38 ./Core/Src/main.o
                0x0000000008000fb8                main
 .text.SystemClock_Config
                0x0000000008000ff0       0xe4 ./Core/Src/main.o
                0x0000000008000ff0                SystemClock_Config
 .text.MX_TIM3_Init
                0x00000000080010d4       0x9c ./Core/Src/main.o
 .text.MX_USART3_UART_Init
                0x0000000008001170       0x54 ./Core/Src/main.o
 .text.MX_DMA_Init
                0x00000000080011c4       0x50 ./Core/Src/main.o
 .text.MX_GPIO_Init
                0x0000000008001214       0xbc ./Core/Src/main.o
 .text.HAL_TIM_PeriodElapsedCallback
                0x00000000080012d0       0x24 ./Core/Src/main.o
                0x00000000080012d0                HAL_TIM_PeriodElapsedCallback
 .text.LED_OnOff
                0x00000000080012f4       0x5c ./Core/Src/main.o
                0x00000000080012f4                LED_OnOff
 .text.Error_Handler
                0x0000000008001350        0xa ./Core/Src/main.o
                0x0000000008001350                Error_Handler
 .text._ZN3ros3Msg19serializeAvrFloat64EPhf
                0x000000000800135a       0xd8 ./Core/Src/mainpp.o
                0x000000000800135a                ros::Msg::serializeAvrFloat64(unsigned char*, float)
 .text._ZN3ros3Msg21deserializeAvrFloat64EPKhPf
                0x0000000008001432       0xc0 ./Core/Src/mainpp.o
                0x0000000008001432                ros::Msg::deserializeAvrFloat64(unsigned char const*, float*)
 .text._ZSt5isnand
                0x00000000080014f2       0x38 ./Core/Src/mainpp.o
                0x00000000080014f2                std::isnan(double)
 .text._ZN3ros4TimeC2Ev
                0x000000000800152a       0x22 ./Core/Src/mainpp.o
                0x000000000800152a                ros::Time::Time()
                0x000000000800152a                ros::Time::Time()
 .text._ZN3ros3MsgC2Ev
                0x000000000800154c       0x20 ./Core/Src/mainpp.o
                0x000000000800154c                ros::Msg::Msg()
                0x000000000800154c                ros::Msg::Msg()
 .text._ZN8std_msgs4TimeC2Ev
                0x000000000800156c       0x30 ./Core/Src/mainpp.o
                0x000000000800156c                std_msgs::Time::Time()
                0x000000000800156c                std_msgs::Time::Time()
 .text._ZNK8std_msgs4Time9serializeEPh
                0x000000000800159c       0xb0 ./Core/Src/mainpp.o
                0x000000000800159c                std_msgs::Time::serialize(unsigned char*) const
 .text._ZN8std_msgs4Time11deserializeEPh
                0x000000000800164c       0xc8 ./Core/Src/mainpp.o
                0x000000000800164c                std_msgs::Time::deserialize(unsigned char*)
 .text._ZN8std_msgs4Time7getTypeEv
                0x0000000008001714       0x1c ./Core/Src/mainpp.o
                0x0000000008001714                std_msgs::Time::getType()
 .text._ZN8std_msgs4Time6getMD5Ev
                0x0000000008001730       0x1c ./Core/Src/mainpp.o
                0x0000000008001730                std_msgs::Time::getMD5()
 .text._ZN14rosserial_msgs9TopicInfoC2Ev
                0x000000000800174c       0x48 ./Core/Src/mainpp.o
                0x000000000800174c                rosserial_msgs::TopicInfo::TopicInfo()
                0x000000000800174c                rosserial_msgs::TopicInfo::TopicInfo()
 .text._ZNK14rosserial_msgs9TopicInfo9serializeEPh
                0x0000000008001794      0x136 ./Core/Src/mainpp.o
                0x0000000008001794                rosserial_msgs::TopicInfo::serialize(unsigned char*) const
 .text._ZN14rosserial_msgs9TopicInfo11deserializeEPh
                0x00000000080018ca      0x1d0 ./Core/Src/mainpp.o
                0x00000000080018ca                rosserial_msgs::TopicInfo::deserialize(unsigned char*)
 *fill*         0x0000000008001a9a        0x2 
 .text._ZN14rosserial_msgs9TopicInfo7getTypeEv
                0x0000000008001a9c       0x1c ./Core/Src/mainpp.o
                0x0000000008001a9c                rosserial_msgs::TopicInfo::getType()
 .text._ZN14rosserial_msgs9TopicInfo6getMD5Ev
                0x0000000008001ab8       0x1c ./Core/Src/mainpp.o
                0x0000000008001ab8                rosserial_msgs::TopicInfo::getMD5()
 .text._ZN14rosserial_msgs3LogC2Ev
                0x0000000008001ad4       0x34 ./Core/Src/mainpp.o
                0x0000000008001ad4                rosserial_msgs::Log::Log()
                0x0000000008001ad4                rosserial_msgs::Log::Log()
 .text._ZNK14rosserial_msgs3Log9serializeEPh
                0x0000000008001b08       0x64 ./Core/Src/mainpp.o
                0x0000000008001b08                rosserial_msgs::Log::serialize(unsigned char*) const
 .text._ZN14rosserial_msgs3Log11deserializeEPh
                0x0000000008001b6c       0x90 ./Core/Src/mainpp.o
                0x0000000008001b6c                rosserial_msgs::Log::deserialize(unsigned char*)
 .text._ZN14rosserial_msgs3Log7getTypeEv
                0x0000000008001bfc       0x1c ./Core/Src/mainpp.o
                0x0000000008001bfc                rosserial_msgs::Log::getType()
 .text._ZN14rosserial_msgs3Log6getMD5Ev
                0x0000000008001c18       0x1c ./Core/Src/mainpp.o
                0x0000000008001c18                rosserial_msgs::Log::getMD5()
 .text._ZN14rosserial_msgs19RequestParamRequestC2Ev
                0x0000000008001c34       0x30 ./Core/Src/mainpp.o
                0x0000000008001c34                rosserial_msgs::RequestParamRequest::RequestParamRequest()
                0x0000000008001c34                rosserial_msgs::RequestParamRequest::RequestParamRequest()
 .text._ZNK14rosserial_msgs19RequestParamRequest9serializeEPh
                0x0000000008001c64       0x52 ./Core/Src/mainpp.o
                0x0000000008001c64                rosserial_msgs::RequestParamRequest::serialize(unsigned char*) const
 .text._ZN14rosserial_msgs19RequestParamRequest11deserializeEPh
                0x0000000008001cb6       0x7e ./Core/Src/mainpp.o
                0x0000000008001cb6                rosserial_msgs::RequestParamRequest::deserialize(unsigned char*)
 .text._ZN14rosserial_msgs19RequestParamRequest7getTypeEv
                0x0000000008001d34       0x1c ./Core/Src/mainpp.o
                0x0000000008001d34                rosserial_msgs::RequestParamRequest::getType()
 .text._ZN14rosserial_msgs19RequestParamRequest6getMD5Ev
                0x0000000008001d50       0x1c ./Core/Src/mainpp.o
                0x0000000008001d50                rosserial_msgs::RequestParamRequest::getMD5()
 .text._ZN14rosserial_msgs20RequestParamResponseC2Ev
                0x0000000008001d6c       0x48 ./Core/Src/mainpp.o
                0x0000000008001d6c                rosserial_msgs::RequestParamResponse::RequestParamResponse()
                0x0000000008001d6c                rosserial_msgs::RequestParamResponse::RequestParamResponse()
 .text._ZNK14rosserial_msgs20RequestParamResponse9serializeEPh
                0x0000000008001db4      0x222 ./Core/Src/mainpp.o
                0x0000000008001db4                rosserial_msgs::RequestParamResponse::serialize(unsigned char*) const
 .text._ZN14rosserial_msgs20RequestParamResponse11deserializeEPh
                0x0000000008001fd6      0x2e2 ./Core/Src/mainpp.o
                0x0000000008001fd6                rosserial_msgs::RequestParamResponse::deserialize(unsigned char*)
 .text._ZN14rosserial_msgs20RequestParamResponse7getTypeEv
                0x00000000080022b8       0x1c ./Core/Src/mainpp.o
                0x00000000080022b8                rosserial_msgs::RequestParamResponse::getType()
 .text._ZN14rosserial_msgs20RequestParamResponse6getMD5Ev
                0x00000000080022d4       0x1c ./Core/Src/mainpp.o
                0x00000000080022d4                rosserial_msgs::RequestParamResponse::getMD5()
 .text._ZN3ros9PublisherC2EPKcPNS_3MsgEi
                0x00000000080022f0       0x2e ./Core/Src/mainpp.o
                0x00000000080022f0                ros::Publisher::Publisher(char const*, ros::Msg*, int)
                0x00000000080022f0                ros::Publisher::Publisher(char const*, ros::Msg*, int)
 .text._ZN3ros9Publisher7publishEPKNS_3MsgE
                0x000000000800231e       0x28 ./Core/Src/mainpp.o
                0x000000000800231e                ros::Publisher::publish(ros::Msg const*)
 .text._ZN3ros9Publisher15getEndpointTypeEv
                0x0000000008002346       0x18 ./Core/Src/mainpp.o
                0x0000000008002346                ros::Publisher::getEndpointType()
 .text._ZN13STM32Hardware10getRdmaIndEv
                0x000000000800235e       0x26 ./Core/Src/mainpp.o
                0x000000000800235e                STM32Hardware::getRdmaInd()
 .text._ZN13STM32HardwareC2Ev
                0x0000000008002384       0x38 ./Core/Src/mainpp.o
                0x0000000008002384                STM32Hardware::STM32Hardware()
                0x0000000008002384                STM32Hardware::STM32Hardware()
 .text._ZN13STM32Hardware4readEv
                0x00000000080023bc       0x5a ./Core/Src/mainpp.o
                0x00000000080023bc                STM32Hardware::read()
 *fill*         0x0000000008002416        0x2 
 .text._ZN13STM32Hardware5flushEv
                0x0000000008002418       0xbc ./Core/Src/mainpp.o
                0x0000000008002418                STM32Hardware::flush()
 .text._ZN13STM32Hardware5writeEPhi
                0x00000000080024d4       0x8c ./Core/Src/mainpp.o
                0x00000000080024d4                STM32Hardware::write(unsigned char*, int)
 .text._ZN13STM32Hardware4timeEv
                0x0000000008002560       0x16 ./Core/Src/mainpp.o
                0x0000000008002560                STM32Hardware::time()
 *fill*         0x0000000008002576        0x2 
 .text._ZN8std_msgs4BoolC2Ev
                0x0000000008002578       0x2c ./Core/Src/mainpp.o
                0x0000000008002578                std_msgs::Bool::Bool()
                0x0000000008002578                std_msgs::Bool::Bool()
 .text._ZNK8std_msgs4Bool9serializeEPh
                0x00000000080025a4       0x32 ./Core/Src/mainpp.o
                0x00000000080025a4                std_msgs::Bool::serialize(unsigned char*) const
 .text._ZN8std_msgs4Bool11deserializeEPh
                0x00000000080025d6       0x3c ./Core/Src/mainpp.o
                0x00000000080025d6                std_msgs::Bool::deserialize(unsigned char*)
 *fill*         0x0000000008002612        0x2 
 .text._ZN8std_msgs4Bool7getTypeEv
                0x0000000008002614       0x1c ./Core/Src/mainpp.o
                0x0000000008002614                std_msgs::Bool::getType()
 .text._ZN8std_msgs4Bool6getMD5Ev
                0x0000000008002630       0x1c ./Core/Src/mainpp.o
                0x0000000008002630                std_msgs::Bool::getMD5()
 .text._ZN8std_msgs5EmptyC2Ev
                0x000000000800264c       0x24 ./Core/Src/mainpp.o
                0x000000000800264c                std_msgs::Empty::Empty()
                0x000000000800264c                std_msgs::Empty::Empty()
 .text._ZNK8std_msgs5Empty9serializeEPh
                0x0000000008002670       0x1c ./Core/Src/mainpp.o
                0x0000000008002670                std_msgs::Empty::serialize(unsigned char*) const
 .text._ZN8std_msgs5Empty11deserializeEPh
                0x000000000800268c       0x1c ./Core/Src/mainpp.o
                0x000000000800268c                std_msgs::Empty::deserialize(unsigned char*)
 .text._ZN8std_msgs5Empty7getTypeEv
                0x00000000080026a8       0x1c ./Core/Src/mainpp.o
                0x00000000080026a8                std_msgs::Empty::getType()
 .text._ZN8std_msgs5Empty6getMD5Ev
                0x00000000080026c4       0x1c ./Core/Src/mainpp.o
                0x00000000080026c4                std_msgs::Empty::getMD5()
 .text._ZN8std_msgs6HeaderC2Ev
                0x00000000080026e0       0x40 ./Core/Src/mainpp.o
                0x00000000080026e0                std_msgs::Header::Header()
                0x00000000080026e0                std_msgs::Header::Header()
 .text._ZNK8std_msgs6Header9serializeEPh
                0x0000000008002720      0x130 ./Core/Src/mainpp.o
                0x0000000008002720                std_msgs::Header::serialize(unsigned char*) const
 .text._ZN8std_msgs6Header11deserializeEPh
                0x0000000008002850      0x180 ./Core/Src/mainpp.o
                0x0000000008002850                std_msgs::Header::deserialize(unsigned char*)
 .text._ZN8std_msgs6Header7getTypeEv
                0x00000000080029d0       0x1c ./Core/Src/mainpp.o
                0x00000000080029d0                std_msgs::Header::getType()
 .text._ZN8std_msgs6Header6getMD5Ev
                0x00000000080029ec       0x1c ./Core/Src/mainpp.o
                0x00000000080029ec                std_msgs::Header::getMD5()
 .text._ZN11sensor_msgs10JointStateC2Ev
                0x0000000008002a08       0x60 ./Core/Src/mainpp.o
                0x0000000008002a08                sensor_msgs::JointState::JointState()
                0x0000000008002a08                sensor_msgs::JointState::JointState()
 .text._ZNK11sensor_msgs10JointState9serializeEPh
                0x0000000008002a68      0x26c ./Core/Src/mainpp.o
                0x0000000008002a68                sensor_msgs::JointState::serialize(unsigned char*) const
 .text._ZN11sensor_msgs10JointState11deserializeEPh
                0x0000000008002cd4      0x334 ./Core/Src/mainpp.o
                0x0000000008002cd4                sensor_msgs::JointState::deserialize(unsigned char*)
 .text._ZN11sensor_msgs10JointState7getTypeEv
                0x0000000008003008       0x1c ./Core/Src/mainpp.o
                0x0000000008003008                sensor_msgs::JointState::getType()
 .text._ZN11sensor_msgs10JointState6getMD5Ev
                0x0000000008003024       0x1c ./Core/Src/mainpp.o
                0x0000000008003024                sensor_msgs::JointState::getMD5()
 .text._ZN13geometry_msgs7Vector3C2Ev
                0x0000000008003040       0x3c ./Core/Src/mainpp.o
                0x0000000008003040                geometry_msgs::Vector3::Vector3()
                0x0000000008003040                geometry_msgs::Vector3::Vector3()
 .text._ZNK13geometry_msgs7Vector39serializeEPh
                0x000000000800307c       0x72 ./Core/Src/mainpp.o
                0x000000000800307c                geometry_msgs::Vector3::serialize(unsigned char*) const
 .text._ZN13geometry_msgs7Vector311deserializeEPh
                0x00000000080030ee       0x66 ./Core/Src/mainpp.o
                0x00000000080030ee                geometry_msgs::Vector3::deserialize(unsigned char*)
 .text._ZN13geometry_msgs7Vector37getTypeEv
                0x0000000008003154       0x1c ./Core/Src/mainpp.o
                0x0000000008003154                geometry_msgs::Vector3::getType()
 .text._ZN13geometry_msgs7Vector36getMD5Ev
                0x0000000008003170       0x1c ./Core/Src/mainpp.o
                0x0000000008003170                geometry_msgs::Vector3::getMD5()
 .text._ZN13geometry_msgs10QuaternionC2Ev
                0x000000000800318c       0x44 ./Core/Src/mainpp.o
                0x000000000800318c                geometry_msgs::Quaternion::Quaternion()
                0x000000000800318c                geometry_msgs::Quaternion::Quaternion()
 .text._ZNK13geometry_msgs10Quaternion9serializeEPh
                0x00000000080031d0       0x90 ./Core/Src/mainpp.o
                0x00000000080031d0                geometry_msgs::Quaternion::serialize(unsigned char*) const
 .text._ZN13geometry_msgs10Quaternion11deserializeEPh
                0x0000000008003260       0x80 ./Core/Src/mainpp.o
                0x0000000008003260                geometry_msgs::Quaternion::deserialize(unsigned char*)
 .text._ZN13geometry_msgs10Quaternion7getTypeEv
                0x00000000080032e0       0x1c ./Core/Src/mainpp.o
                0x00000000080032e0                geometry_msgs::Quaternion::getType()
 .text._ZN13geometry_msgs10Quaternion6getMD5Ev
                0x00000000080032fc       0x1c ./Core/Src/mainpp.o
                0x00000000080032fc                geometry_msgs::Quaternion::getMD5()
 .text._ZN13geometry_msgs9TransformC2Ev
                0x0000000008003318       0x38 ./Core/Src/mainpp.o
                0x0000000008003318                geometry_msgs::Transform::Transform()
                0x0000000008003318                geometry_msgs::Transform::Transform()
 .text._ZNK13geometry_msgs9Transform9serializeEPh
                0x0000000008003350       0x4a ./Core/Src/mainpp.o
                0x0000000008003350                geometry_msgs::Transform::serialize(unsigned char*) const
 .text._ZN13geometry_msgs9Transform11deserializeEPh
                0x000000000800339a       0x4a ./Core/Src/mainpp.o
                0x000000000800339a                geometry_msgs::Transform::deserialize(unsigned char*)
 .text._ZN13geometry_msgs9Transform7getTypeEv
                0x00000000080033e4       0x1c ./Core/Src/mainpp.o
                0x00000000080033e4                geometry_msgs::Transform::getType()
 .text._ZN13geometry_msgs9Transform6getMD5Ev
                0x0000000008003400       0x1c ./Core/Src/mainpp.o
                0x0000000008003400                geometry_msgs::Transform::getMD5()
 .text._ZN13geometry_msgs16TransformStampedC2Ev
                0x000000000800341c       0x44 ./Core/Src/mainpp.o
                0x000000000800341c                geometry_msgs::TransformStamped::TransformStamped()
                0x000000000800341c                geometry_msgs::TransformStamped::TransformStamped()
 .text._ZNK13geometry_msgs16TransformStamped9serializeEPh
                0x0000000008003460       0x84 ./Core/Src/mainpp.o
                0x0000000008003460                geometry_msgs::TransformStamped::serialize(unsigned char*) const
 .text._ZN13geometry_msgs16TransformStamped11deserializeEPh
                0x00000000080034e4       0xb0 ./Core/Src/mainpp.o
                0x00000000080034e4                geometry_msgs::TransformStamped::deserialize(unsigned char*)
 .text._ZN13geometry_msgs16TransformStamped7getTypeEv
                0x0000000008003594       0x1c ./Core/Src/mainpp.o
                0x0000000008003594                geometry_msgs::TransformStamped::getType()
 .text._ZN13geometry_msgs16TransformStamped6getMD5Ev
                0x00000000080035b0       0x1c ./Core/Src/mainpp.o
                0x00000000080035b0                geometry_msgs::TransformStamped::getMD5()
 .text._ZN2tf9tfMessageC2Ev
                0x00000000080035cc       0x3c ./Core/Src/mainpp.o
                0x00000000080035cc                tf::tfMessage::tfMessage()
                0x00000000080035cc                tf::tfMessage::tfMessage()
 .text._ZNK2tf9tfMessage9serializeEPh
                0x0000000008003608       0xb8 ./Core/Src/mainpp.o
                0x0000000008003608                tf::tfMessage::serialize(unsigned char*) const
 .text._ZN2tf9tfMessage11deserializeEPh
                0x00000000080036c0       0xd4 ./Core/Src/mainpp.o
                0x00000000080036c0                tf::tfMessage::deserialize(unsigned char*)
 .text._ZN2tf9tfMessage7getTypeEv
                0x0000000008003794       0x1c ./Core/Src/mainpp.o
                0x0000000008003794                tf::tfMessage::getType()
 .text._ZN2tf9tfMessage6getMD5Ev
                0x00000000080037b0       0x1c ./Core/Src/mainpp.o
                0x00000000080037b0                tf::tfMessage::getMD5()
 .text._ZN2tf20TransformBroadcasterC2Ev
                0x00000000080037cc       0x30 ./Core/Src/mainpp.o
                0x00000000080037cc                tf::TransformBroadcaster::TransformBroadcaster()
                0x00000000080037cc                tf::TransformBroadcaster::TransformBroadcaster()
 .text._ZN2tf20TransformBroadcaster13sendTransformERN13geometry_msgs16TransformStampedE
                0x00000000080037fc       0x2c ./Core/Src/mainpp.o
                0x00000000080037fc                tf::TransformBroadcaster::sendTransform(geometry_msgs::TransformStamped&)
 .text._ZN13geometry_msgs5PointC2Ev
                0x0000000008003828       0x3c ./Core/Src/mainpp.o
                0x0000000008003828                geometry_msgs::Point::Point()
                0x0000000008003828                geometry_msgs::Point::Point()
 .text._ZNK13geometry_msgs5Point9serializeEPh
                0x0000000008003864       0x72 ./Core/Src/mainpp.o
                0x0000000008003864                geometry_msgs::Point::serialize(unsigned char*) const
 .text._ZN13geometry_msgs5Point11deserializeEPh
                0x00000000080038d6       0x66 ./Core/Src/mainpp.o
                0x00000000080038d6                geometry_msgs::Point::deserialize(unsigned char*)
 .text._ZN13geometry_msgs5Point7getTypeEv
                0x000000000800393c       0x1c ./Core/Src/mainpp.o
                0x000000000800393c                geometry_msgs::Point::getType()
 .text._ZN13geometry_msgs5Point6getMD5Ev
                0x0000000008003958       0x1c ./Core/Src/mainpp.o
                0x0000000008003958                geometry_msgs::Point::getMD5()
 .text._ZN13geometry_msgs4PoseC2Ev
                0x0000000008003974       0x38 ./Core/Src/mainpp.o
                0x0000000008003974                geometry_msgs::Pose::Pose()
                0x0000000008003974                geometry_msgs::Pose::Pose()
 .text._ZNK13geometry_msgs4Pose9serializeEPh
                0x00000000080039ac       0x4a ./Core/Src/mainpp.o
                0x00000000080039ac                geometry_msgs::Pose::serialize(unsigned char*) const
 .text._ZN13geometry_msgs4Pose11deserializeEPh
                0x00000000080039f6       0x4a ./Core/Src/mainpp.o
                0x00000000080039f6                geometry_msgs::Pose::deserialize(unsigned char*)
 .text._ZN13geometry_msgs4Pose7getTypeEv
                0x0000000008003a40       0x1c ./Core/Src/mainpp.o
                0x0000000008003a40                geometry_msgs::Pose::getType()
 .text._ZN13geometry_msgs4Pose6getMD5Ev
                0x0000000008003a5c       0x1c ./Core/Src/mainpp.o
                0x0000000008003a5c                geometry_msgs::Pose::getMD5()
 .text._ZN13geometry_msgs18PoseWithCovarianceC2Ev
                0x0000000008003a78       0x48 ./Core/Src/mainpp.o
                0x0000000008003a78                geometry_msgs::PoseWithCovariance::PoseWithCovariance()
                0x0000000008003a78                geometry_msgs::PoseWithCovariance::PoseWithCovariance()
 .text._ZNK13geometry_msgs18PoseWithCovariance9serializeEPh
                0x0000000008003ac0       0x6a ./Core/Src/mainpp.o
                0x0000000008003ac0                geometry_msgs::PoseWithCovariance::serialize(unsigned char*) const
 .text._ZN13geometry_msgs18PoseWithCovariance11deserializeEPh
                0x0000000008003b2a       0x62 ./Core/Src/mainpp.o
                0x0000000008003b2a                geometry_msgs::PoseWithCovariance::deserialize(unsigned char*)
 .text._ZN13geometry_msgs18PoseWithCovariance7getTypeEv
                0x0000000008003b8c       0x1c ./Core/Src/mainpp.o
                0x0000000008003b8c                geometry_msgs::PoseWithCovariance::getType()
 .text._ZN13geometry_msgs18PoseWithCovariance6getMD5Ev
                0x0000000008003ba8       0x1c ./Core/Src/mainpp.o
                0x0000000008003ba8                geometry_msgs::PoseWithCovariance::getMD5()
 .text._ZN13geometry_msgs5TwistC2Ev
                0x0000000008003bc4       0x38 ./Core/Src/mainpp.o
                0x0000000008003bc4                geometry_msgs::Twist::Twist()
                0x0000000008003bc4                geometry_msgs::Twist::Twist()
 .text._ZNK13geometry_msgs5Twist9serializeEPh
                0x0000000008003bfc       0x4a ./Core/Src/mainpp.o
                0x0000000008003bfc                geometry_msgs::Twist::serialize(unsigned char*) const
 .text._ZN13geometry_msgs5Twist11deserializeEPh
                0x0000000008003c46       0x4a ./Core/Src/mainpp.o
                0x0000000008003c46                geometry_msgs::Twist::deserialize(unsigned char*)
 .text._ZN13geometry_msgs5Twist7getTypeEv
                0x0000000008003c90       0x1c ./Core/Src/mainpp.o
                0x0000000008003c90                geometry_msgs::Twist::getType()
 .text._ZN13geometry_msgs5Twist6getMD5Ev
                0x0000000008003cac       0x1c ./Core/Src/mainpp.o
                0x0000000008003cac                geometry_msgs::Twist::getMD5()
 .text._ZN13geometry_msgs19TwistWithCovarianceC2Ev
                0x0000000008003cc8       0x48 ./Core/Src/mainpp.o
                0x0000000008003cc8                geometry_msgs::TwistWithCovariance::TwistWithCovariance()
                0x0000000008003cc8                geometry_msgs::TwistWithCovariance::TwistWithCovariance()
 .text._ZNK13geometry_msgs19TwistWithCovariance9serializeEPh
                0x0000000008003d10       0x68 ./Core/Src/mainpp.o
                0x0000000008003d10                geometry_msgs::TwistWithCovariance::serialize(unsigned char*) const
 .text._ZN13geometry_msgs19TwistWithCovariance11deserializeEPh
                0x0000000008003d78       0x60 ./Core/Src/mainpp.o
                0x0000000008003d78                geometry_msgs::TwistWithCovariance::deserialize(unsigned char*)
 .text._ZN13geometry_msgs19TwistWithCovariance7getTypeEv
                0x0000000008003dd8       0x1c ./Core/Src/mainpp.o
                0x0000000008003dd8                geometry_msgs::TwistWithCovariance::getType()
 .text._ZN13geometry_msgs19TwistWithCovariance6getMD5Ev
                0x0000000008003df4       0x1c ./Core/Src/mainpp.o
                0x0000000008003df4                geometry_msgs::TwistWithCovariance::getMD5()
 .text._ZN8nav_msgs8OdometryC2Ev
                0x0000000008003e10       0x4c ./Core/Src/mainpp.o
                0x0000000008003e10                nav_msgs::Odometry::Odometry()
                0x0000000008003e10                nav_msgs::Odometry::Odometry()
 .text._ZNK8nav_msgs8Odometry9serializeEPh
                0x0000000008003e5c       0x9e ./Core/Src/mainpp.o
                0x0000000008003e5c                nav_msgs::Odometry::serialize(unsigned char*) const
 .text._ZN8nav_msgs8Odometry11deserializeEPh
                0x0000000008003efa       0xca ./Core/Src/mainpp.o
                0x0000000008003efa                nav_msgs::Odometry::deserialize(unsigned char*)
 .text._ZN8nav_msgs8Odometry7getTypeEv
                0x0000000008003fc4       0x1c ./Core/Src/mainpp.o
                0x0000000008003fc4                nav_msgs::Odometry::getType()
 .text._ZN8nav_msgs8Odometry6getMD5Ev
                0x0000000008003fe0       0x1c ./Core/Src/mainpp.o
                0x0000000008003fe0                nav_msgs::Odometry::getMD5()
 .text._ZN15turtlebot3_msgs11SensorStateC2Ev
                0x0000000008003ffc       0x78 ./Core/Src/mainpp.o
                0x0000000008003ffc                turtlebot3_msgs::SensorState::SensorState()
                0x0000000008003ffc                turtlebot3_msgs::SensorState::SensorState()
 .text._ZNK15turtlebot3_msgs11SensorState9serializeEPh
                0x0000000008004074      0x232 ./Core/Src/mainpp.o
                0x0000000008004074                turtlebot3_msgs::SensorState::serialize(unsigned char*) const
 .text._ZN15turtlebot3_msgs11SensorState11deserializeEPh
                0x00000000080042a6      0x284 ./Core/Src/mainpp.o
                0x00000000080042a6                turtlebot3_msgs::SensorState::deserialize(unsigned char*)
 *fill*         0x000000000800452a        0x2 
 .text._ZN15turtlebot3_msgs11SensorState7getTypeEv
                0x000000000800452c       0x1c ./Core/Src/mainpp.o
                0x000000000800452c                turtlebot3_msgs::SensorState::getType()
 .text._ZN15turtlebot3_msgs11SensorState6getMD5Ev
                0x0000000008004548       0x1c ./Core/Src/mainpp.o
                0x0000000008004548                turtlebot3_msgs::SensorState::getMD5()
 .text._ZN15turtlebot3_msgs5SoundC2Ev
                0x0000000008004564       0x2c ./Core/Src/mainpp.o
                0x0000000008004564                turtlebot3_msgs::Sound::Sound()
                0x0000000008004564                turtlebot3_msgs::Sound::Sound()
 .text._ZNK15turtlebot3_msgs5Sound9serializeEPh
                0x0000000008004590       0x2e ./Core/Src/mainpp.o
                0x0000000008004590                turtlebot3_msgs::Sound::serialize(unsigned char*) const
 .text._ZN15turtlebot3_msgs5Sound11deserializeEPh
                0x00000000080045be       0x2e ./Core/Src/mainpp.o
                0x00000000080045be                turtlebot3_msgs::Sound::deserialize(unsigned char*)
 .text._ZN15turtlebot3_msgs5Sound7getTypeEv
                0x00000000080045ec       0x1c ./Core/Src/mainpp.o
                0x00000000080045ec                turtlebot3_msgs::Sound::getType()
 .text._ZN15turtlebot3_msgs5Sound6getMD5Ev
                0x0000000008004608       0x1c ./Core/Src/mainpp.o
                0x0000000008004608                turtlebot3_msgs::Sound::getMD5()
 .text._ZN15turtlebot3_msgs11VersionInfoC2Ev
                0x0000000008004624       0x3c ./Core/Src/mainpp.o
                0x0000000008004624                turtlebot3_msgs::VersionInfo::VersionInfo()
                0x0000000008004624                turtlebot3_msgs::VersionInfo::VersionInfo()
 .text._ZNK15turtlebot3_msgs11VersionInfo9serializeEPh
                0x0000000008004660       0xc6 ./Core/Src/mainpp.o
                0x0000000008004660                turtlebot3_msgs::VersionInfo::serialize(unsigned char*) const
 .text._ZN15turtlebot3_msgs11VersionInfo11deserializeEPh
                0x0000000008004726      0x14a ./Core/Src/mainpp.o
                0x0000000008004726                turtlebot3_msgs::VersionInfo::deserialize(unsigned char*)
 .text._ZN15turtlebot3_msgs11VersionInfo7getTypeEv
                0x0000000008004870       0x1c ./Core/Src/mainpp.o
                0x0000000008004870                turtlebot3_msgs::VersionInfo::getType()
 .text._ZN15turtlebot3_msgs11VersionInfo6getMD5Ev
                0x000000000800488c       0x1c ./Core/Src/mainpp.o
                0x000000000800488c                turtlebot3_msgs::VersionInfo::getMD5()
 .text._ZN11sensor_msgs3ImuC2Ev
                0x00000000080048a8       0x94 ./Core/Src/mainpp.o
                0x00000000080048a8                sensor_msgs::Imu::Imu()
                0x00000000080048a8                sensor_msgs::Imu::Imu()
 .text._ZNK11sensor_msgs3Imu9serializeEPh
                0x000000000800493c      0x12a ./Core/Src/mainpp.o
                0x000000000800493c                sensor_msgs::Imu::serialize(unsigned char*) const
 .text._ZN11sensor_msgs3Imu11deserializeEPh
                0x0000000008004a66      0x112 ./Core/Src/mainpp.o
                0x0000000008004a66                sensor_msgs::Imu::deserialize(unsigned char*)
 .text._ZN11sensor_msgs3Imu7getTypeEv
                0x0000000008004b78       0x1c ./Core/Src/mainpp.o
                0x0000000008004b78                sensor_msgs::Imu::getType()
 .text._ZN11sensor_msgs3Imu6getMD5Ev
                0x0000000008004b94       0x1c ./Core/Src/mainpp.o
                0x0000000008004b94                sensor_msgs::Imu::getMD5()
 .text._ZN11sensor_msgs13MagneticFieldC2Ev
                0x0000000008004bb0       0x50 ./Core/Src/mainpp.o
                0x0000000008004bb0                sensor_msgs::MagneticField::MagneticField()
                0x0000000008004bb0                sensor_msgs::MagneticField::MagneticField()
 .text._ZNK11sensor_msgs13MagneticField9serializeEPh
                0x0000000008004c00       0x82 ./Core/Src/mainpp.o
                0x0000000008004c00                sensor_msgs::MagneticField::serialize(unsigned char*) const
 .text._ZN11sensor_msgs13MagneticField11deserializeEPh
                0x0000000008004c82       0x7a ./Core/Src/mainpp.o
                0x0000000008004c82                sensor_msgs::MagneticField::deserialize(unsigned char*)
 .text._ZN11sensor_msgs13MagneticField7getTypeEv
                0x0000000008004cfc       0x1c ./Core/Src/mainpp.o
                0x0000000008004cfc                sensor_msgs::MagneticField::getType()
 .text._ZN11sensor_msgs13MagneticField6getMD5Ev
                0x0000000008004d18       0x1c ./Core/Src/mainpp.o
                0x0000000008004d18                sensor_msgs::MagneticField::getMD5()
 .text._ZN11sensor_msgs12BatteryStateC2Ev
                0x0000000008004d34       0x9c ./Core/Src/mainpp.o
                0x0000000008004d34                sensor_msgs::BatteryState::BatteryState()
                0x0000000008004d34                sensor_msgs::BatteryState::BatteryState()
 .text._ZNK11sensor_msgs12BatteryState9serializeEPh
                0x0000000008004dd0      0x358 ./Core/Src/mainpp.o
                0x0000000008004dd0                sensor_msgs::BatteryState::serialize(unsigned char*) const
 .text._ZN11sensor_msgs12BatteryState11deserializeEPh
                0x0000000008005128      0x43a ./Core/Src/mainpp.o
                0x0000000008005128                sensor_msgs::BatteryState::deserialize(unsigned char*)
 *fill*         0x0000000008005562        0x2 
 .text._ZN11sensor_msgs12BatteryState7getTypeEv
                0x0000000008005564       0x1c ./Core/Src/mainpp.o
                0x0000000008005564                sensor_msgs::BatteryState::getType()
 .text._ZN11sensor_msgs12BatteryState6getMD5Ev
                0x0000000008005580       0x1c ./Core/Src/mainpp.o
                0x0000000008005580                sensor_msgs::BatteryState::getMD5()
 .text.loop     0x000000000800559c      0x138 ./Core/Src/mainpp.o
                0x000000000800559c                loop
 *fill*         0x00000000080056d4        0x4 
 .text._Z23commandVelocityCallbackRKN13geometry_msgs5TwistE
                0x00000000080056d8       0xd4 ./Core/Src/mainpp.o
                0x00000000080056d8                commandVelocityCallback(geometry_msgs::Twist const&)
 .text._Z13soundCallbackRKN15turtlebot3_msgs5SoundE
                0x00000000080057ac       0x14 ./Core/Src/mainpp.o
                0x00000000080057ac                soundCallback(turtlebot3_msgs::Sound const&)
 .text._Z18motorPowerCallbackRKN8std_msgs4BoolE
                0x00000000080057c0       0x1a ./Core/Src/mainpp.o
                0x00000000080057c0                motorPowerCallback(std_msgs::Bool const&)
 *fill*         0x00000000080057da        0x2 
 .text._Z13resetCallbackRKN8std_msgs5EmptyE
                0x00000000080057dc       0x6c ./Core/Src/mainpp.o
                0x00000000080057dc                resetCallback(std_msgs::Empty const&)
 .text._Z25publishCmdVelFromRC100Msgv
                0x0000000008005848       0x2c ./Core/Src/mainpp.o
                0x0000000008005848                publishCmdVelFromRC100Msg()
 .text._ZN3ros3MsgaSEOS0_
                0x0000000008005874       0x18 ./Core/Src/mainpp.o
                0x0000000008005874                ros::Msg::operator=(ros::Msg&&)
 .text._ZN8std_msgs6HeaderaSEOS0_
                0x000000000800588c       0x40 ./Core/Src/mainpp.o
                0x000000000800588c                std_msgs::Header::operator=(std_msgs::Header&&)
 .text._ZN13geometry_msgs10QuaternionaSEOS0_
                0x00000000080058cc       0x40 ./Core/Src/mainpp.o
                0x00000000080058cc                geometry_msgs::Quaternion::operator=(geometry_msgs::Quaternion&&)
 .text._ZN13geometry_msgs7Vector3aSEOS0_
                0x000000000800590c       0x38 ./Core/Src/mainpp.o
                0x000000000800590c                geometry_msgs::Vector3::operator=(geometry_msgs::Vector3&&)
 .text._ZN11sensor_msgs3ImuaSEOS0_
                0x0000000008005944       0xba ./Core/Src/mainpp.o
                0x0000000008005944                sensor_msgs::Imu::operator=(sensor_msgs::Imu&&)
 *fill*         0x00000000080059fe        0x2 
 .text._Z13publishImuMsgv
                0x0000000008005a00       0x5c ./Core/Src/mainpp.o
                0x0000000008005a00                publishImuMsg()
 .text._ZN11sensor_msgs13MagneticFieldaSEOS0_
                0x0000000008005a5c       0x5e ./Core/Src/mainpp.o
                0x0000000008005a5c                sensor_msgs::MagneticField::operator=(sensor_msgs::MagneticField&&)
 *fill*         0x0000000008005aba        0x2 
 .text._Z13publishMagMsgv
                0x0000000008005abc       0x5c ./Core/Src/mainpp.o
                0x0000000008005abc                publishMagMsg()
 .text._Z21publishSensorStateMsgv
                0x0000000008005b18       0xa4 ./Core/Src/mainpp.o
                0x0000000008005b18                publishSensorStateMsg()
 .text._Z21publishVersionInfoMsgv
                0x0000000008005bbc       0x34 ./Core/Src/mainpp.o
                0x0000000008005bbc                publishVersionInfoMsg()
 .text._Z22publishBatteryStateMsgv
                0x0000000008005bf0       0x8c ./Core/Src/mainpp.o
                0x0000000008005bf0                publishBatteryStateMsg()
 *fill*         0x0000000008005c7c        0x4 
 .text._Z23publishDriveInformationv
                0x0000000008005c80       0xc8 ./Core/Src/mainpp.o
                0x0000000008005c80                publishDriveInformation()
 .text._Z10updateTimev
                0x0000000008005d48       0x40 ./Core/Src/mainpp.o
                0x0000000008005d48                updateTime()
 .text._Z14updateVariableb
                0x0000000008005d88       0x38 ./Core/Src/mainpp.o
                0x0000000008005d88                updateVariable(bool)
 .text._Z14updateTFPrefixb
                0x0000000008005dc0      0x20c ./Core/Src/mainpp.o
                0x0000000008005dc0                updateTFPrefix(bool)
 *fill*         0x0000000008005fcc        0x4 
 .text._Z15updateMotorInfoll
                0x0000000008005fd0      0x12c ./Core/Src/mainpp.o
                0x0000000008005fd0                updateMotorInfo(long, long)
 *fill*         0x00000000080060fc        0x4 
 .text._Z12calcOdometryd
                0x0000000008006100      0x388 ./Core/Src/mainpp.o
                0x0000000008006100                calcOdometry(double)
 .text._Z17waitForSerialLinkb
                0x0000000008006488       0x38 ./Core/Src/mainpp.o
                0x0000000008006488                waitForSerialLink(bool)
 .text._Z8initOdomv
                0x00000000080064c0       0xa8 ./Core/Src/mainpp.o
                0x00000000080064c0                initOdom()
 .text._ZN3ros3Msg8varToArrIPhmEEvT_T0_
                0x0000000008006568       0x3c ./Core/Src/mainpp.o
                0x0000000008006568                void ros::Msg::varToArr<unsigned char*, unsigned long>(unsigned char*, unsigned long)
 .text._ZN3ros3Msg8arrToVarImPhEEvRT_T0_
                0x00000000080065a4       0x4a ./Core/Src/mainpp.o
                0x00000000080065a4                void ros::Msg::arrToVar<unsigned long, unsigned char*>(unsigned long&, unsigned char*)
 *fill*         0x00000000080065ee        0x2 
 .text._ZN3ros15NodeHandleBase_C2Ev
                0x00000000080065f0       0x20 ./Core/Src/mainpp.o
                0x00000000080065f0                ros::NodeHandleBase_::NodeHandleBase_()
                0x00000000080065f0                ros::NodeHandleBase_::NodeHandleBase_()
 .text._ZN3ros11NodeHandle_I13STM32HardwareLi25ELi25ELi512ELi512EEC2Ev
                0x0000000008006610      0x100 ./Core/Src/mainpp.o
                0x0000000008006610                ros::NodeHandle_<STM32Hardware, 25, 25, 512, 512>::NodeHandle_()
                0x0000000008006610                ros::NodeHandle_<STM32Hardware, 25, 25, 512, 512>::NodeHandle_()
 .text._ZN3ros11Subscriber_C2Ev
                0x0000000008006710       0x20 ./Core/Src/mainpp.o
                0x0000000008006710                ros::Subscriber_::Subscriber_()
                0x0000000008006710                ros::Subscriber_::Subscriber_()
 .text._ZN3ros10SubscriberIN13geometry_msgs5TwistEvEC2EPKcPFvRKS2_Ei
                0x0000000008006730       0x48 ./Core/Src/mainpp.o
                0x0000000008006730                ros::Subscriber<geometry_msgs::Twist, void>::Subscriber(char const*, void (*)(geometry_msgs::Twist const&), int)
                0x0000000008006730                ros::Subscriber<geometry_msgs::Twist, void>::Subscriber(char const*, void (*)(geometry_msgs::Twist const&), int)
 .text._ZN3ros10SubscriberIN15turtlebot3_msgs5SoundEvEC2EPKcPFvRKS2_Ei
                0x0000000008006778       0x48 ./Core/Src/mainpp.o
                0x0000000008006778                ros::Subscriber<turtlebot3_msgs::Sound, void>::Subscriber(char const*, void (*)(turtlebot3_msgs::Sound const&), int)
                0x0000000008006778                ros::Subscriber<turtlebot3_msgs::Sound, void>::Subscriber(char const*, void (*)(turtlebot3_msgs::Sound const&), int)
 .text._ZN3ros10SubscriberIN8std_msgs4BoolEvEC2EPKcPFvRKS2_Ei
                0x00000000080067c0       0x48 ./Core/Src/mainpp.o
                0x00000000080067c0                ros::Subscriber<std_msgs::Bool, void>::Subscriber(char const*, void (*)(std_msgs::Bool const&), int)
                0x00000000080067c0                ros::Subscriber<std_msgs::Bool, void>::Subscriber(char const*, void (*)(std_msgs::Bool const&), int)
 .text._ZN3ros10SubscriberIN8std_msgs5EmptyEvEC2EPKcPFvRKS2_Ei
                0x0000000008006808       0x48 ./Core/Src/mainpp.o
                0x0000000008006808                ros::Subscriber<std_msgs::Empty, void>::Subscriber(char const*, void (*)(std_msgs::Empty const&), int)
                0x0000000008006808                ros::Subscriber<std_msgs::Empty, void>::Subscriber(char const*, void (*)(std_msgs::Empty const&), int)
 .text._ZN3ros11NodeHandle_I13STM32HardwareLi25ELi25ELi512ELi512EE9connectedEv
                0x0000000008006850       0x1a ./Core/Src/mainpp.o
                0x0000000008006850                ros::NodeHandle_<STM32Hardware, 25, 25, 512, 512>::connected()
 .text._ZN3ros11NodeHandle_I13STM32HardwareLi25ELi25ELi512ELi512EE8spinOnceEv
                0x000000000800686a      0x3b2 ./Core/Src/mainpp.o
                0x000000000800686a                ros::NodeHandle_<STM32Hardware, 25, 25, 512, 512>::spinOnce()
 .text._ZN3ros11NodeHandle_I13STM32HardwareLi25ELi25ELi512ELi512EE7loginfoEPKc
                0x0000000008006c1c       0x1c ./Core/Src/mainpp.o
                0x0000000008006c1c                ros::NodeHandle_<STM32Hardware, 25, 25, 512, 512>::loginfo(char const*)
 .text._ZN3ros11NodeHandle_I13STM32HardwareLi25ELi25ELi512ELi512EE3nowEv
                0x0000000008006c38       0x80 ./Core/Src/mainpp.o
                0x0000000008006c38                ros::NodeHandle_<STM32Hardware, 25, 25, 512, 512>::now()
 .text._ZN3ros11NodeHandle_I13STM32HardwareLi25ELi25ELi512ELi512EE8getParamEPKcPPcii
                0x0000000008006cb8       0x78 ./Core/Src/mainpp.o
                0x0000000008006cb8                ros::NodeHandle_<STM32Hardware, 25, 25, 512, 512>::getParam(char const*, char**, int, int)
 .text._ZN3ros11NodeHandle_I13STM32HardwareLi25ELi25ELi512ELi512EE15requestSyncTimeEv
                0x0000000008006d30       0x3c ./Core/Src/mainpp.o
                0x0000000008006d30                ros::NodeHandle_<STM32Hardware, 25, 25, 512, 512>::requestSyncTime()
 .text._ZN3ros11NodeHandle_I13STM32HardwareLi25ELi25ELi512ELi512EE15negotiateTopicsEv
                0x0000000008006d6c      0x1be ./Core/Src/mainpp.o
                0x0000000008006d6c                ros::NodeHandle_<STM32Hardware, 25, 25, 512, 512>::negotiateTopics()
 *fill*         0x0000000008006f2a        0x2 
 .text._ZN3ros11NodeHandle_I13STM32HardwareLi25ELi25ELi512ELi512EE8syncTimeEPh
                0x0000000008006f2c       0x98 ./Core/Src/mainpp.o
                0x0000000008006f2c                ros::NodeHandle_<STM32Hardware, 25, 25, 512, 512>::syncTime(unsigned char*)
 .text._ZN3ros11NodeHandle_I13STM32HardwareLi25ELi25ELi512ELi512EE3logEcPKc
                0x0000000008006fc4       0x38 ./Core/Src/mainpp.o
                0x0000000008006fc4                ros::NodeHandle_<STM32Hardware, 25, 25, 512, 512>::log(char, char const*)
 .text._ZN3ros11NodeHandle_I13STM32HardwareLi25ELi25ELi512ELi512EE12requestParamEPKci
                0x0000000008006ffc       0x90 ./Core/Src/mainpp.o
                0x0000000008006ffc                ros::NodeHandle_<STM32Hardware, 25, 25, 512, 512>::requestParam(char const*, int)
 .text._ZN3ros11NodeHandle_I13STM32HardwareLi25ELi25ELi512ELi512EE7logwarnEPKc
                0x000000000800708c       0x1c ./Core/Src/mainpp.o
                0x000000000800708c                ros::NodeHandle_<STM32Hardware, 25, 25, 512, 512>::logwarn(char const*)
 .text._ZN3ros11NodeHandle_I13STM32HardwareLi25ELi25ELi512ELi512EE7publishEiPKNS_3MsgE
                0x00000000080070a8      0x124 ./Core/Src/mainpp.o
                0x00000000080070a8                ros::NodeHandle_<STM32Hardware, 25, 25, 512, 512>::publish(int, ros::Msg const*)
 .text._ZN3ros11NodeHandle_I13STM32HardwareLi25ELi25ELi512ELi512EE6setNowERNS_4TimeE
                0x00000000080071cc       0x3a ./Core/Src/mainpp.o
                0x00000000080071cc                ros::NodeHandle_<STM32Hardware, 25, 25, 512, 512>::setNow(ros::Time&)
 .text._ZN3ros11NodeHandle_I13STM32HardwareLi25ELi25ELi512ELi512EE8logerrorEPKc
                0x0000000008007206       0x1c ./Core/Src/mainpp.o
                0x0000000008007206                ros::NodeHandle_<STM32Hardware, 25, 25, 512, 512>::logerror(char const*)
 *fill*         0x0000000008007222        0x2 
 .text._Z41__static_initialization_and_destruction_0ii
                0x0000000008007224      0x1dc ./Core/Src/mainpp.o
 .text._ZN3ros10SubscriberIN8std_msgs5EmptyEvE8callbackEPh
                0x0000000008007400       0x2a ./Core/Src/mainpp.o
                0x0000000008007400                ros::Subscriber<std_msgs::Empty, void>::callback(unsigned char*)
 .text._ZN3ros10SubscriberIN8std_msgs5EmptyEvE15getEndpointTypeEv
                0x000000000800742a       0x18 ./Core/Src/mainpp.o
                0x000000000800742a                ros::Subscriber<std_msgs::Empty, void>::getEndpointType()
 .text._ZN3ros10SubscriberIN8std_msgs5EmptyEvE10getMsgTypeEv
                0x0000000008007442       0x1c ./Core/Src/mainpp.o
                0x0000000008007442                ros::Subscriber<std_msgs::Empty, void>::getMsgType()
 .text._ZN3ros10SubscriberIN8std_msgs5EmptyEvE9getMsgMD5Ev
                0x000000000800745e       0x1c ./Core/Src/mainpp.o
                0x000000000800745e                ros::Subscriber<std_msgs::Empty, void>::getMsgMD5()
 .text._ZN3ros10SubscriberIN8std_msgs4BoolEvE8callbackEPh
                0x000000000800747a       0x2a ./Core/Src/mainpp.o
                0x000000000800747a                ros::Subscriber<std_msgs::Bool, void>::callback(unsigned char*)
 .text._ZN3ros10SubscriberIN8std_msgs4BoolEvE15getEndpointTypeEv
                0x00000000080074a4       0x18 ./Core/Src/mainpp.o
                0x00000000080074a4                ros::Subscriber<std_msgs::Bool, void>::getEndpointType()
 .text._ZN3ros10SubscriberIN8std_msgs4BoolEvE10getMsgTypeEv
                0x00000000080074bc       0x1c ./Core/Src/mainpp.o
                0x00000000080074bc                ros::Subscriber<std_msgs::Bool, void>::getMsgType()
 .text._ZN3ros10SubscriberIN8std_msgs4BoolEvE9getMsgMD5Ev
                0x00000000080074d8       0x1c ./Core/Src/mainpp.o
                0x00000000080074d8                ros::Subscriber<std_msgs::Bool, void>::getMsgMD5()
 .text._ZN3ros10SubscriberIN15turtlebot3_msgs5SoundEvE8callbackEPh
                0x00000000080074f4       0x2a ./Core/Src/mainpp.o
                0x00000000080074f4                ros::Subscriber<turtlebot3_msgs::Sound, void>::callback(unsigned char*)
 .text._ZN3ros10SubscriberIN15turtlebot3_msgs5SoundEvE15getEndpointTypeEv
                0x000000000800751e       0x18 ./Core/Src/mainpp.o
                0x000000000800751e                ros::Subscriber<turtlebot3_msgs::Sound, void>::getEndpointType()
 .text._ZN3ros10SubscriberIN15turtlebot3_msgs5SoundEvE10getMsgTypeEv
                0x0000000008007536       0x1c ./Core/Src/mainpp.o
                0x0000000008007536                ros::Subscriber<turtlebot3_msgs::Sound, void>::getMsgType()
 .text._ZN3ros10SubscriberIN15turtlebot3_msgs5SoundEvE9getMsgMD5Ev
                0x0000000008007552       0x1c ./Core/Src/mainpp.o
                0x0000000008007552                ros::Subscriber<turtlebot3_msgs::Sound, void>::getMsgMD5()
 .text._ZN3ros10SubscriberIN13geometry_msgs5TwistEvE8callbackEPh
                0x000000000800756e       0x2a ./Core/Src/mainpp.o
                0x000000000800756e                ros::Subscriber<geometry_msgs::Twist, void>::callback(unsigned char*)
 .text._ZN3ros10SubscriberIN13geometry_msgs5TwistEvE15getEndpointTypeEv
                0x0000000008007598       0x18 ./Core/Src/mainpp.o
                0x0000000008007598                ros::Subscriber<geometry_msgs::Twist, void>::getEndpointType()
 .text._ZN3ros10SubscriberIN13geometry_msgs5TwistEvE10getMsgTypeEv
                0x00000000080075b0       0x1c ./Core/Src/mainpp.o
                0x00000000080075b0                ros::Subscriber<geometry_msgs::Twist, void>::getMsgType()
 .text._ZN3ros10SubscriberIN13geometry_msgs5TwistEvE9getMsgMD5Ev
                0x00000000080075cc       0x1c ./Core/Src/mainpp.o
                0x00000000080075cc                ros::Subscriber<geometry_msgs::Twist, void>::getMsgMD5()
 .text._GLOBAL__sub_I_nh
                0x00000000080075e8       0x10 ./Core/Src/mainpp.o
 .text._GLOBAL__sub_D_nh
                0x00000000080075f8       0x10 ./Core/Src/mainpp.o
 .text.HAL_MspInit
                0x0000000008007608       0x50 ./Core/Src/stm32f4xx_hal_msp.o
                0x0000000008007608                HAL_MspInit
 .text.HAL_TIM_Base_MspInit
                0x0000000008007658       0x50 ./Core/Src/stm32f4xx_hal_msp.o
                0x0000000008007658                HAL_TIM_Base_MspInit
 .text.HAL_UART_MspInit
                0x00000000080076a8      0x16c ./Core/Src/stm32f4xx_hal_msp.o
                0x00000000080076a8                HAL_UART_MspInit
 .text.NMI_Handler
                0x0000000008007814        0x6 ./Core/Src/stm32f4xx_it.o
                0x0000000008007814                NMI_Handler
 .text.HardFault_Handler
                0x000000000800781a        0x6 ./Core/Src/stm32f4xx_it.o
                0x000000000800781a                HardFault_Handler
 .text.MemManage_Handler
                0x0000000008007820        0x6 ./Core/Src/stm32f4xx_it.o
                0x0000000008007820                MemManage_Handler
 .text.BusFault_Handler
                0x0000000008007826        0x6 ./Core/Src/stm32f4xx_it.o
                0x0000000008007826                BusFault_Handler
 .text.UsageFault_Handler
                0x000000000800782c        0x6 ./Core/Src/stm32f4xx_it.o
                0x000000000800782c                UsageFault_Handler
 .text.SVC_Handler
                0x0000000008007832        0xe ./Core/Src/stm32f4xx_it.o
                0x0000000008007832                SVC_Handler
 .text.DebugMon_Handler
                0x0000000008007840        0xe ./Core/Src/stm32f4xx_it.o
                0x0000000008007840                DebugMon_Handler
 .text.PendSV_Handler
                0x000000000800784e        0xe ./Core/Src/stm32f4xx_it.o
                0x000000000800784e                PendSV_Handler
 .text.SysTick_Handler
                0x000000000800785c        0xc ./Core/Src/stm32f4xx_it.o
                0x000000000800785c                SysTick_Handler
 .text.DMA1_Stream1_IRQHandler
                0x0000000008007868       0x14 ./Core/Src/stm32f4xx_it.o
                0x0000000008007868                DMA1_Stream1_IRQHandler
 .text.DMA1_Stream3_IRQHandler
                0x000000000800787c       0x14 ./Core/Src/stm32f4xx_it.o
                0x000000000800787c                DMA1_Stream3_IRQHandler
 .text.TIM3_IRQHandler
                0x0000000008007890       0x14 ./Core/Src/stm32f4xx_it.o
                0x0000000008007890                TIM3_IRQHandler
 .text.USART3_IRQHandler
                0x00000000080078a4       0x14 ./Core/Src/stm32f4xx_it.o
                0x00000000080078a4                USART3_IRQHandler
 .text._getpid  0x00000000080078b8       0x10 ./Core/Src/syscalls.o
                0x00000000080078b8                _getpid
 .text._kill    0x00000000080078c8       0x20 ./Core/Src/syscalls.o
                0x00000000080078c8                _kill
 .text._exit    0x00000000080078e8       0x14 ./Core/Src/syscalls.o
                0x00000000080078e8                _exit
 .text._sbrk    0x00000000080078fc       0x6c ./Core/Src/sysmem.o
                0x00000000080078fc                _sbrk
 .text.SystemInit
                0x0000000008007968       0x24 ./Core/Src/system_stm32f4xx.o
                0x0000000008007968                SystemInit
 .text.Reset_Handler
                0x000000000800798c       0x50 ./Core/Startup/startup_stm32f429zitx.o
                0x000000000800798c                Reset_Handler
 .text.Default_Handler
                0x00000000080079dc        0x2 ./Core/Startup/startup_stm32f429zitx.o
                0x00000000080079dc                RTC_Alarm_IRQHandler
                0x00000000080079dc                HASH_RNG_IRQHandler
                0x00000000080079dc                EXTI2_IRQHandler
                0x00000000080079dc                TIM8_CC_IRQHandler
                0x00000000080079dc                UART8_IRQHandler
                0x00000000080079dc                SPI4_IRQHandler
                0x00000000080079dc                TIM1_CC_IRQHandler
                0x00000000080079dc                DMA2_Stream5_IRQHandler
                0x00000000080079dc                DMA1_Stream5_IRQHandler
                0x00000000080079dc                PVD_IRQHandler
                0x00000000080079dc                SDIO_IRQHandler
                0x00000000080079dc                TAMP_STAMP_IRQHandler
                0x00000000080079dc                CAN2_RX1_IRQHandler
                0x00000000080079dc                EXTI3_IRQHandler
                0x00000000080079dc                TIM8_TRG_COM_TIM14_IRQHandler
                0x00000000080079dc                TIM1_UP_TIM10_IRQHandler
                0x00000000080079dc                TIM8_UP_TIM13_IRQHandler
                0x00000000080079dc                I2C3_ER_IRQHandler
                0x00000000080079dc                EXTI0_IRQHandler
                0x00000000080079dc                I2C2_EV_IRQHandler
                0x00000000080079dc                DMA1_Stream2_IRQHandler
                0x00000000080079dc                CAN1_RX0_IRQHandler
                0x00000000080079dc                FPU_IRQHandler
                0x00000000080079dc                OTG_HS_WKUP_IRQHandler
                0x00000000080079dc                LTDC_ER_IRQHandler
                0x00000000080079dc                CAN2_SCE_IRQHandler
                0x00000000080079dc                DMA2_Stream2_IRQHandler
                0x00000000080079dc                SPI1_IRQHandler
                0x00000000080079dc                TIM6_DAC_IRQHandler
                0x00000000080079dc                TIM1_BRK_TIM9_IRQHandler
                0x00000000080079dc                DCMI_IRQHandler
                0x00000000080079dc                CAN2_RX0_IRQHandler
                0x00000000080079dc                DMA2_Stream3_IRQHandler
                0x00000000080079dc                USART6_IRQHandler
                0x00000000080079dc                CAN1_RX1_IRQHandler
                0x00000000080079dc                UART5_IRQHandler
                0x00000000080079dc                DMA2_Stream0_IRQHandler
                0x00000000080079dc                TIM4_IRQHandler
                0x00000000080079dc                I2C1_EV_IRQHandler
                0x00000000080079dc                DMA1_Stream6_IRQHandler
                0x00000000080079dc                UART4_IRQHandler
                0x00000000080079dc                RCC_IRQHandler
                0x00000000080079dc                TIM8_BRK_TIM12_IRQHandler
                0x00000000080079dc                Default_Handler
                0x00000000080079dc                EXTI15_10_IRQHandler
                0x00000000080079dc                ADC_IRQHandler
                0x00000000080079dc                DMA1_Stream7_IRQHandler
                0x00000000080079dc                SPI5_IRQHandler
                0x00000000080079dc                TIM7_IRQHandler
                0x00000000080079dc                CAN2_TX_IRQHandler
                0x00000000080079dc                TIM5_IRQHandler
                0x00000000080079dc                DMA2_Stream7_IRQHandler
                0x00000000080079dc                I2C3_EV_IRQHandler
                0x00000000080079dc                EXTI9_5_IRQHandler
                0x00000000080079dc                RTC_WKUP_IRQHandler
                0x00000000080079dc                LTDC_IRQHandler
                0x00000000080079dc                ETH_WKUP_IRQHandler
                0x00000000080079dc                SPI2_IRQHandler
                0x00000000080079dc                OTG_HS_EP1_IN_IRQHandler
                0x00000000080079dc                DMA1_Stream0_IRQHandler
                0x00000000080079dc                CAN1_TX_IRQHandler
                0x00000000080079dc                EXTI4_IRQHandler
                0x00000000080079dc                ETH_IRQHandler
                0x00000000080079dc                OTG_HS_EP1_OUT_IRQHandler
                0x00000000080079dc                WWDG_IRQHandler
                0x00000000080079dc                SPI6_IRQHandler
                0x00000000080079dc                TIM2_IRQHandler
                0x00000000080079dc                OTG_FS_WKUP_IRQHandler
                0x00000000080079dc                TIM1_TRG_COM_TIM11_IRQHandler
                0x00000000080079dc                OTG_HS_IRQHandler
                0x00000000080079dc                DMA2D_IRQHandler
                0x00000000080079dc                EXTI1_IRQHandler
                0x00000000080079dc                UART7_IRQHandler
                0x00000000080079dc                USART2_IRQHandler
                0x00000000080079dc                I2C2_ER_IRQHandler
                0x00000000080079dc                DMA2_Stream1_IRQHandler
                0x00000000080079dc                CAN1_SCE_IRQHandler
                0x00000000080079dc                FLASH_IRQHandler
                0x00000000080079dc                DMA2_Stream4_IRQHandler
                0x00000000080079dc                USART1_IRQHandler
                0x00000000080079dc                OTG_FS_IRQHandler
                0x00000000080079dc                SPI3_IRQHandler
                0x00000000080079dc                DMA1_Stream4_IRQHandler
                0x00000000080079dc                I2C1_ER_IRQHandler
                0x00000000080079dc                FMC_IRQHandler
                0x00000000080079dc                DMA2_Stream6_IRQHandler
                0x00000000080079dc                SAI1_IRQHandler
 *fill*         0x00000000080079de        0x2 
 .text.HAL_Init
                0x00000000080079e0       0x44 ./Drivers/STM32F4xx_HAL_Driver/Src/stm32f4xx_hal.o
                0x00000000080079e0                HAL_Init
 .text.HAL_InitTick
                0x0000000008007a24       0x60 ./Drivers/STM32F4xx_HAL_Driver/Src/stm32f4xx_hal.o
                0x0000000008007a24                HAL_InitTick
 .text.HAL_IncTick
                0x0000000008007a84       0x28 ./Drivers/STM32F4xx_HAL_Driver/Src/stm32f4xx_hal.o
                0x0000000008007a84                HAL_IncTick
 .text.HAL_GetTick
                0x0000000008007aac       0x18 ./Drivers/STM32F4xx_HAL_Driver/Src/stm32f4xx_hal.o
                0x0000000008007aac                HAL_GetTick
 .text.HAL_Delay
                0x0000000008007ac4       0x48 ./Drivers/STM32F4xx_HAL_Driver/Src/stm32f4xx_hal.o
                0x0000000008007ac4                HAL_Delay
 .text.__NVIC_SetPriorityGrouping
                0x0000000008007b0c       0x48 ./Drivers/STM32F4xx_HAL_Driver/Src/stm32f4xx_hal_cortex.o
 .text.__NVIC_GetPriorityGrouping
                0x0000000008007b54       0x1c ./Drivers/STM32F4xx_HAL_Driver/Src/stm32f4xx_hal_cortex.o
 .text.__NVIC_EnableIRQ
                0x0000000008007b70       0x3c ./Drivers/STM32F4xx_HAL_Driver/Src/stm32f4xx_hal_cortex.o
 .text.__NVIC_SetPriority
                0x0000000008007bac       0x54 ./Drivers/STM32F4xx_HAL_Driver/Src/stm32f4xx_hal_cortex.o
 .text.NVIC_EncodePriority
                0x0000000008007c00       0x66 ./Drivers/STM32F4xx_HAL_Driver/Src/stm32f4xx_hal_cortex.o
 *fill*         0x0000000008007c66        0x2 
 .text.SysTick_Config
                0x0000000008007c68       0x44 ./Drivers/STM32F4xx_HAL_Driver/Src/stm32f4xx_hal_cortex.o
 .text.HAL_NVIC_SetPriorityGrouping
                0x0000000008007cac       0x16 ./Drivers/STM32F4xx_HAL_Driver/Src/stm32f4xx_hal_cortex.o
                0x0000000008007cac                HAL_NVIC_SetPriorityGrouping
 .text.HAL_NVIC_SetPriority
                0x0000000008007cc2       0x38 ./Drivers/STM32F4xx_HAL_Driver/Src/stm32f4xx_hal_cortex.o
                0x0000000008007cc2                HAL_NVIC_SetPriority
 .text.HAL_NVIC_EnableIRQ
                0x0000000008007cfa       0x1c ./Drivers/STM32F4xx_HAL_Driver/Src/stm32f4xx_hal_cortex.o
                0x0000000008007cfa                HAL_NVIC_EnableIRQ
 .text.HAL_SYSTICK_Config
                0x0000000008007d16       0x18 ./Drivers/STM32F4xx_HAL_Driver/Src/stm32f4xx_hal_cortex.o
                0x0000000008007d16                HAL_SYSTICK_Config
 *fill*         0x0000000008007d2e        0x2 
 .text.HAL_DMA_Init
                0x0000000008007d30      0x15c ./Drivers/STM32F4xx_HAL_Driver/Src/stm32f4xx_hal_dma.o
                0x0000000008007d30                HAL_DMA_Init
 .text.HAL_DMA_Start_IT
                0x0000000008007e8c       0xb0 ./Drivers/STM32F4xx_HAL_Driver/Src/stm32f4xx_hal_dma.o
                0x0000000008007e8c                HAL_DMA_Start_IT
 .text.HAL_DMA_Abort
                0x0000000008007f3c       0xe0 ./Drivers/STM32F4xx_HAL_Driver/Src/stm32f4xx_hal_dma.o
                0x0000000008007f3c                HAL_DMA_Abort
 .text.HAL_DMA_Abort_IT
                0x000000000800801c       0x44 ./Drivers/STM32F4xx_HAL_Driver/Src/stm32f4xx_hal_dma.o
                0x000000000800801c                HAL_DMA_Abort_IT
 .text.HAL_DMA_IRQHandler
                0x0000000008008060      0x314 ./Drivers/STM32F4xx_HAL_Driver/Src/stm32f4xx_hal_dma.o
                0x0000000008008060                HAL_DMA_IRQHandler
 .text.DMA_SetConfig
                0x0000000008008374       0x5c ./Drivers/STM32F4xx_HAL_Driver/Src/stm32f4xx_hal_dma.o
 .text.DMA_CalcBaseAndBitshift
                0x00000000080083d0       0x6c ./Drivers/STM32F4xx_HAL_Driver/Src/stm32f4xx_hal_dma.o
 .text.DMA_CheckFifoParam
                0x000000000800843c       0xf8 ./Drivers/STM32F4xx_HAL_Driver/Src/stm32f4xx_hal_dma.o
 .text.HAL_GPIO_Init
                0x0000000008008534      0x358 ./Drivers/STM32F4xx_HAL_Driver/Src/stm32f4xx_hal_gpio.o
                0x0000000008008534                HAL_GPIO_Init
 .text.HAL_GPIO_WritePin
                0x000000000800888c       0x32 ./Drivers/STM32F4xx_HAL_Driver/Src/stm32f4xx_hal_gpio.o
                0x000000000800888c                HAL_GPIO_WritePin
 *fill*         0x00000000080088be        0x2 
 .text.HAL_PWREx_EnableOverDrive
                0x00000000080088c0       0xa0 ./Drivers/STM32F4xx_HAL_Driver/Src/stm32f4xx_hal_pwr_ex.o
                0x00000000080088c0                HAL_PWREx_EnableOverDrive
 .text.HAL_RCC_OscConfig
                0x0000000008008960      0x4f0 ./Drivers/STM32F4xx_HAL_Driver/Src/stm32f4xx_hal_rcc.o
                0x0000000008008960                HAL_RCC_OscConfig
 .text.HAL_RCC_ClockConfig
                0x0000000008008e50      0x1cc ./Drivers/STM32F4xx_HAL_Driver/Src/stm32f4xx_hal_rcc.o
                0x0000000008008e50                HAL_RCC_ClockConfig
 .text.HAL_RCC_GetSysClockFreq
                0x000000000800901c      0x1c4 ./Drivers/STM32F4xx_HAL_Driver/Src/stm32f4xx_hal_rcc.o
                0x000000000800901c                HAL_RCC_GetSysClockFreq
 .text.HAL_RCC_GetHCLKFreq
                0x00000000080091e0       0x18 ./Drivers/STM32F4xx_HAL_Driver/Src/stm32f4xx_hal_rcc.o
                0x00000000080091e0                HAL_RCC_GetHCLKFreq
 .text.HAL_RCC_GetPCLK1Freq
                0x00000000080091f8       0x28 ./Drivers/STM32F4xx_HAL_Driver/Src/stm32f4xx_hal_rcc.o
                0x00000000080091f8                HAL_RCC_GetPCLK1Freq
 .text.HAL_RCC_GetPCLK2Freq
                0x0000000008009220       0x28 ./Drivers/STM32F4xx_HAL_Driver/Src/stm32f4xx_hal_rcc.o
                0x0000000008009220                HAL_RCC_GetPCLK2Freq
 .text.HAL_TIM_Base_Init
                0x0000000008009248       0x9e ./Drivers/STM32F4xx_HAL_Driver/Src/stm32f4xx_hal_tim.o
                0x0000000008009248                HAL_TIM_Base_Init
 *fill*         0x00000000080092e6        0x2 
 .text.HAL_TIM_Base_Start_IT
                0x00000000080092e8       0xe0 ./Drivers/STM32F4xx_HAL_Driver/Src/stm32f4xx_hal_tim.o
                0x00000000080092e8                HAL_TIM_Base_Start_IT
 .text.HAL_TIM_IRQHandler
                0x00000000080093c8      0x210 ./Drivers/STM32F4xx_HAL_Driver/Src/stm32f4xx_hal_tim.o
                0x00000000080093c8                HAL_TIM_IRQHandler
 .text.HAL_TIM_ConfigClockSource
                0x00000000080095d8      0x18e ./Drivers/STM32F4xx_HAL_Driver/Src/stm32f4xx_hal_tim.o
                0x00000000080095d8                HAL_TIM_ConfigClockSource
 .text.HAL_TIM_OC_DelayElapsedCallback
                0x0000000008009766       0x14 ./Drivers/STM32F4xx_HAL_Driver/Src/stm32f4xx_hal_tim.o
                0x0000000008009766                HAL_TIM_OC_DelayElapsedCallback
 .text.HAL_TIM_IC_CaptureCallback
                0x000000000800977a       0x14 ./Drivers/STM32F4xx_HAL_Driver/Src/stm32f4xx_hal_tim.o
                0x000000000800977a                HAL_TIM_IC_CaptureCallback
 .text.HAL_TIM_PWM_PulseFinishedCallback
                0x000000000800978e       0x14 ./Drivers/STM32F4xx_HAL_Driver/Src/stm32f4xx_hal_tim.o
                0x000000000800978e                HAL_TIM_PWM_PulseFinishedCallback
 .text.HAL_TIM_TriggerCallback
                0x00000000080097a2       0x14 ./Drivers/STM32F4xx_HAL_Driver/Src/stm32f4xx_hal_tim.o
                0x00000000080097a2                HAL_TIM_TriggerCallback
 *fill*         0x00000000080097b6        0x2 
 .text.TIM_Base_SetConfig
                0x00000000080097b8      0x140 ./Drivers/STM32F4xx_HAL_Driver/Src/stm32f4xx_hal_tim.o
                0x00000000080097b8                TIM_Base_SetConfig
 .text.TIM_TI1_ConfigInputStage
                0x00000000080098f8       0x5e ./Drivers/STM32F4xx_HAL_Driver/Src/stm32f4xx_hal_tim.o
 .text.TIM_TI2_ConfigInputStage
                0x0000000008009956       0x60 ./Drivers/STM32F4xx_HAL_Driver/Src/stm32f4xx_hal_tim.o
 .text.TIM_ITRx_SetConfig
                0x00000000080099b6       0x36 ./Drivers/STM32F4xx_HAL_Driver/Src/stm32f4xx_hal_tim.o
 .text.TIM_ETR_SetConfig
                0x00000000080099ec       0x40 ./Drivers/STM32F4xx_HAL_Driver/Src/stm32f4xx_hal_tim.o
                0x00000000080099ec                TIM_ETR_SetConfig
 .text.HAL_TIMEx_MasterConfigSynchronization
                0x0000000008009a2c       0xf8 ./Drivers/STM32F4xx_HAL_Driver/Src/stm32f4xx_hal_tim_ex.o
                0x0000000008009a2c                HAL_TIMEx_MasterConfigSynchronization
 .text.HAL_TIMEx_CommutCallback
                0x0000000008009b24       0x14 ./Drivers/STM32F4xx_HAL_Driver/Src/stm32f4xx_hal_tim_ex.o
                0x0000000008009b24                HAL_TIMEx_CommutCallback
 .text.HAL_TIMEx_BreakCallback
                0x0000000008009b38       0x14 ./Drivers/STM32F4xx_HAL_Driver/Src/stm32f4xx_hal_tim_ex.o
                0x0000000008009b38                HAL_TIMEx_BreakCallback
 .text.HAL_UART_Init
                0x0000000008009b4c       0x9a ./Drivers/STM32F4xx_HAL_Driver/Src/stm32f4xx_hal_uart.o
                0x0000000008009b4c                HAL_UART_Init
 *fill*         0x0000000008009be6        0x2 
 .text.HAL_UART_Transmit_DMA
                0x0000000008009be8       0xfc ./Drivers/STM32F4xx_HAL_Driver/Src/stm32f4xx_hal_uart.o
                0x0000000008009be8                HAL_UART_Transmit_DMA
 .text.HAL_UART_IRQHandler
                0x0000000008009ce4      0x51c ./Drivers/STM32F4xx_HAL_Driver/Src/stm32f4xx_hal_uart.o
                0x0000000008009ce4                HAL_UART_IRQHandler
 .text.HAL_UART_TxCpltCallback
                0x000000000800a200       0x14 ./Drivers/STM32F4xx_HAL_Driver/Src/stm32f4xx_hal_uart.o
                0x000000000800a200                HAL_UART_TxCpltCallback
 .text.HAL_UART_TxHalfCpltCallback
                0x000000000800a214       0x14 ./Drivers/STM32F4xx_HAL_Driver/Src/stm32f4xx_hal_uart.o
                0x000000000800a214                HAL_UART_TxHalfCpltCallback
 .text.HAL_UART_RxCpltCallback
                0x000000000800a228       0x14 ./Drivers/STM32F4xx_HAL_Driver/Src/stm32f4xx_hal_uart.o
                0x000000000800a228                HAL_UART_RxCpltCallback
 .text.HAL_UART_ErrorCallback
                0x000000000800a23c       0x14 ./Drivers/STM32F4xx_HAL_Driver/Src/stm32f4xx_hal_uart.o
                0x000000000800a23c                HAL_UART_ErrorCallback
 .text.HAL_UARTEx_RxEventCallback
                0x000000000800a250       0x18 ./Drivers/STM32F4xx_HAL_Driver/Src/stm32f4xx_hal_uart.o
                0x000000000800a250                HAL_UARTEx_RxEventCallback
 .text.UART_DMATransmitCplt
                0x000000000800a268       0x9a ./Drivers/STM32F4xx_HAL_Driver/Src/stm32f4xx_hal_uart.o
 .text.UART_DMATxHalfCplt
                0x000000000800a302       0x1c ./Drivers/STM32F4xx_HAL_Driver/Src/stm32f4xx_hal_uart.o
 .text.UART_DMAError
                0x000000000800a31e       0x94 ./Drivers/STM32F4xx_HAL_Driver/Src/stm32f4xx_hal_uart.o
 .text.UART_EndTxTransfer
                0x000000000800a3b2       0x50 ./Drivers/STM32F4xx_HAL_Driver/Src/stm32f4xx_hal_uart.o
 .text.UART_EndRxTransfer
                0x000000000800a402       0xc6 ./Drivers/STM32F4xx_HAL_Driver/Src/stm32f4xx_hal_uart.o
 .text.UART_DMAAbortOnError
                0x000000000800a4c8       0x28 ./Drivers/STM32F4xx_HAL_Driver/Src/stm32f4xx_hal_uart.o
 .text.UART_Transmit_IT
                0x000000000800a4f0       0xa0 ./Drivers/STM32F4xx_HAL_Driver/Src/stm32f4xx_hal_uart.o
 .text.UART_EndTransmit_IT
                0x000000000800a590       0x30 ./Drivers/STM32F4xx_HAL_Driver/Src/stm32f4xx_hal_uart.o
 .text.UART_Receive_IT
                0x000000000800a5c0      0x176 ./Drivers/STM32F4xx_HAL_Driver/Src/stm32f4xx_hal_uart.o
 *fill*         0x000000000800a736        0x2 
 .text.UART_SetConfig
                0x000000000800a738      0x390 ./Drivers/STM32F4xx_HAL_Driver/Src/stm32f4xx_hal_uart.o
 .text.__cxa_pure_virtual
                0x000000000800aac8        0x6 c:/st/stm32cubeide_1.7.0/stm32cubeide/plugins/com.st.stm32cube.ide.mcu.externaltools.gnu-tools-for-stm32.9-2020-q2-update.win32_2.0.0.202105311346/tools/bin/../lib/gcc/arm-none-eabi/9.3.1/../../../../arm-none-eabi/lib/thumb/v7e-m+fp/hard\libstdc++_nano.a(pure.o)
                0x000000000800aac8                __cxa_pure_virtual
 .text._ZN10__cxxabiv111__terminateEPFvvE
                0x000000000800aace        0x8 c:/st/stm32cubeide_1.7.0/stm32cubeide/plugins/com.st.stm32cube.ide.mcu.externaltools.gnu-tools-for-stm32.9-2020-q2-update.win32_2.0.0.202105311346/tools/bin/../lib/gcc/arm-none-eabi/9.3.1/../../../../arm-none-eabi/lib/thumb/v7e-m+fp/hard\libstdc++_nano.a(eh_terminate.o)
                0x000000000800aace                __cxxabiv1::__terminate(void (*)())
 *fill*         0x000000000800aad6        0x2 
 .text._ZSt13get_terminatev
                0x000000000800aad8       0x10 c:/st/stm32cubeide_1.7.0/stm32cubeide/plugins/com.st.stm32cube.ide.mcu.externaltools.gnu-tools-for-stm32.9-2020-q2-update.win32_2.0.0.202105311346/tools/bin/../lib/gcc/arm-none-eabi/9.3.1/../../../../arm-none-eabi/lib/thumb/v7e-m+fp/hard\libstdc++_nano.a(eh_terminate.o)
                0x000000000800aad8                std::get_terminate()
 .text._ZSt9terminatev
                0x000000000800aae8        0xa c:/st/stm32cubeide_1.7.0/stm32cubeide/plugins/com.st.stm32cube.ide.mcu.externaltools.gnu-tools-for-stm32.9-2020-q2-update.win32_2.0.0.202105311346/tools/bin/../lib/gcc/arm-none-eabi/9.3.1/../../../../arm-none-eabi/lib/thumb/v7e-m+fp/hard\libstdc++_nano.a(eh_terminate.o)
                0x000000000800aae8                std::terminate()
 *fill*         0x000000000800aaf2        0x6 
 .text.cos      0x000000000800aaf8       0xa0 c:/st/stm32cubeide_1.7.0/stm32cubeide/plugins/com.st.stm32cube.ide.mcu.externaltools.gnu-tools-for-stm32.9-2020-q2-update.win32_2.0.0.202105311346/tools/bin/../lib/gcc/arm-none-eabi/9.3.1/../../../../arm-none-eabi/lib/thumb/v7e-m+fp/hard\libm.a(lib_a-s_cos.o)
                0x000000000800aaf8                cos
 .text.sin      0x000000000800ab98       0xa8 c:/st/stm32cubeide_1.7.0/stm32cubeide/plugins/com.st.stm32cube.ide.mcu.externaltools.gnu-tools-for-stm32.9-2020-q2-update.win32_2.0.0.202105311346/tools/bin/../lib/gcc/arm-none-eabi/9.3.1/../../../../arm-none-eabi/lib/thumb/v7e-m+fp/hard\libm.a(lib_a-s_sin.o)
                0x000000000800ab98                sin
 .text.atan2f   0x000000000800ac40        0x4 c:/st/stm32cubeide_1.7.0/stm32cubeide/plugins/com.st.stm32cube.ide.mcu.externaltools.gnu-tools-for-stm32.9-2020-q2-update.win32_2.0.0.202105311346/tools/bin/../lib/gcc/arm-none-eabi/9.3.1/../../../../arm-none-eabi/lib/thumb/v7e-m+fp/hard\libm.a(lib_a-wf_atan2.o)
                0x000000000800ac40                atan2f
 *fill*         0x000000000800ac44        0x4 
 .text.__ieee754_rem_pio2
                0x000000000800ac48      0x414 c:/st/stm32cubeide_1.7.0/stm32cubeide/plugins/com.st.stm32cube.ide.mcu.externaltools.gnu-tools-for-stm32.9-2020-q2-update.win32_2.0.0.202105311346/tools/bin/../lib/gcc/arm-none-eabi/9.3.1/../../../../arm-none-eabi/lib/thumb/v7e-m+fp/hard\libm.a(lib_a-e_rem_pio2.o)
                0x000000000800ac48                __ieee754_rem_pio2
 .text.__ieee754_atan2f
                0x000000000800b05c      0x140 c:/st/stm32cubeide_1.7.0/stm32cubeide/plugins/com.st.stm32cube.ide.mcu.externaltools.gnu-tools-for-stm32.9-2020-q2-update.win32_2.0.0.202105311346/tools/bin/../lib/gcc/arm-none-eabi/9.3.1/../../../../arm-none-eabi/lib/thumb/v7e-m+fp/hard\libm.a(lib_a-ef_atan2.o)
                0x000000000800b05c                __ieee754_atan2f
 *fill*         0x000000000800b19c        0x4 
 .text.__kernel_cos
                0x000000000800b1a0      0x18c c:/st/stm32cubeide_1.7.0/stm32cubeide/plugins/com.st.stm32cube.ide.mcu.externaltools.gnu-tools-for-stm32.9-2020-q2-update.win32_2.0.0.202105311346/tools/bin/../lib/gcc/arm-none-eabi/9.3.1/../../../../arm-none-eabi/lib/thumb/v7e-m+fp/hard\libm.a(lib_a-k_cos.o)
                0x000000000800b1a0                __kernel_cos
 *fill*         0x000000000800b32c        0x4 
 .text.__kernel_rem_pio2
                0x000000000800b330      0x680 c:/st/stm32cubeide_1.7.0/stm32cubeide/plugins/com.st.stm32cube.ide.mcu.externaltools.gnu-tools-for-stm32.9-2020-q2-update.win32_2.0.0.202105311346/tools/bin/../lib/gcc/arm-none-eabi/9.3.1/../../../../arm-none-eabi/lib/thumb/v7e-m+fp/hard\libm.a(lib_a-k_rem_pio2.o)
                0x000000000800b330                __kernel_rem_pio2
 .text.__kernel_sin
                0x000000000800b9b0      0x17c c:/st/stm32cubeide_1.7.0/stm32cubeide/plugins/com.st.stm32cube.ide.mcu.externaltools.gnu-tools-for-stm32.9-2020-q2-update.win32_2.0.0.202105311346/tools/bin/../lib/gcc/arm-none-eabi/9.3.1/../../../../arm-none-eabi/lib/thumb/v7e-m+fp/hard\libm.a(lib_a-k_sin.o)
                0x000000000800b9b0                __kernel_sin
 .text.fabs     0x000000000800bb2c       0x12 c:/st/stm32cubeide_1.7.0/stm32cubeide/plugins/com.st.stm32cube.ide.mcu.externaltools.gnu-tools-for-stm32.9-2020-q2-update.win32_2.0.0.202105311346/tools/bin/../lib/gcc/arm-none-eabi/9.3.1/../../../../arm-none-eabi/lib/thumb/v7e-m+fp/hard\libm.a(lib_a-s_fabs.o)
                0x000000000800bb2c                fabs
 *fill*         0x000000000800bb3e        0x2 
 .text.floor    0x000000000800bb40      0x100 c:/st/stm32cubeide_1.7.0/stm32cubeide/plugins/com.st.stm32cube.ide.mcu.externaltools.gnu-tools-for-stm32.9-2020-q2-update.win32_2.0.0.202105311346/tools/bin/../lib/gcc/arm-none-eabi/9.3.1/../../../../arm-none-eabi/lib/thumb/v7e-m+fp/hard\libm.a(lib_a-s_floor.o)
                0x000000000800bb40                floor
 .text.scalbn   0x000000000800bc40      0x10c c:/st/stm32cubeide_1.7.0/stm32cubeide/plugins/com.st.stm32cube.ide.mcu.externaltools.gnu-tools-for-stm32.9-2020-q2-update.win32_2.0.0.202105311346/tools/bin/../lib/gcc/arm-none-eabi/9.3.1/../../../../arm-none-eabi/lib/thumb/v7e-m+fp/hard\libm.a(lib_a-s_scalbn.o)
                0x000000000800bc40                scalbn
 .text.atanf    0x000000000800bd4c      0x1a8 c:/st/stm32cubeide_1.7.0/stm32cubeide/plugins/com.st.stm32cube.ide.mcu.externaltools.gnu-tools-for-stm32.9-2020-q2-update.win32_2.0.0.202105311346/tools/bin/../lib/gcc/arm-none-eabi/9.3.1/../../../../arm-none-eabi/lib/thumb/v7e-m+fp/hard\libm.a(lib_a-sf_atan.o)
                0x000000000800bd4c                atanf
 .text.fabsf    0x000000000800bef4        0xe c:/st/stm32cubeide_1.7.0/stm32cubeide/plugins/com.st.stm32cube.ide.mcu.externaltools.gnu-tools-for-stm32.9-2020-q2-update.win32_2.0.0.202105311346/tools/bin/../lib/gcc/arm-none-eabi/9.3.1/../../../../arm-none-eabi/lib/thumb/v7e-m+fp/hard\libm.a(lib_a-sf_fabs.o)
                0x000000000800bef4                fabsf
 .text.abort    0x000000000800bf02        0xe c:/st/stm32cubeide_1.7.0/stm32cubeide/plugins/com.st.stm32cube.ide.mcu.externaltools.gnu-tools-for-stm32.9-2020-q2-update.win32_2.0.0.202105311346/tools/bin/../lib/gcc/arm-none-eabi/9.3.1/../../../../arm-none-eabi/lib/thumb/v7e-m+fp/hard\libc_nano.a(lib_a-abort.o)
                0x000000000800bf02                abort
 .text.__errno  0x000000000800bf10        0xc c:/st/stm32cubeide_1.7.0/stm32cubeide/plugins/com.st.stm32cube.ide.mcu.externaltools.gnu-tools-for-stm32.9-2020-q2-update.win32_2.0.0.202105311346/tools/bin/../lib/gcc/arm-none-eabi/9.3.1/../../../../arm-none-eabi/lib/thumb/v7e-m+fp/hard\libc_nano.a(lib_a-errno.o)
                0x000000000800bf10                __errno
 .text.__libc_init_array
                0x000000000800bf1c       0x48 c:/st/stm32cubeide_1.7.0/stm32cubeide/plugins/com.st.stm32cube.ide.mcu.externaltools.gnu-tools-for-stm32.9-2020-q2-update.win32_2.0.0.202105311346/tools/bin/../lib/gcc/arm-none-eabi/9.3.1/../../../../arm-none-eabi/lib/thumb/v7e-m+fp/hard\libc_nano.a(lib_a-init.o)
                0x000000000800bf1c                __libc_init_array
 .text.memcpy   0x000000000800bf64       0x1c c:/st/stm32cubeide_1.7.0/stm32cubeide/plugins/com.st.stm32cube.ide.mcu.externaltools.gnu-tools-for-stm32.9-2020-q2-update.win32_2.0.0.202105311346/tools/bin/../lib/gcc/arm-none-eabi/9.3.1/../../../../arm-none-eabi/lib/thumb/v7e-m+fp/hard\libc_nano.a(lib_a-memcpy-stub.o)
                0x000000000800bf64                memcpy
 .text.memset   0x000000000800bf80       0x10 c:/st/stm32cubeide_1.7.0/stm32cubeide/plugins/com.st.stm32cube.ide.mcu.externaltools.gnu-tools-for-stm32.9-2020-q2-update.win32_2.0.0.202105311346/tools/bin/../lib/gcc/arm-none-eabi/9.3.1/../../../../arm-none-eabi/lib/thumb/v7e-m+fp/hard\libc_nano.a(lib_a-memset.o)
                0x000000000800bf80                memset
 .text.realloc  0x000000000800bf90       0x10 c:/st/stm32cubeide_1.7.0/stm32cubeide/plugins/com.st.stm32cube.ide.mcu.externaltools.gnu-tools-for-stm32.9-2020-q2-update.win32_2.0.0.202105311346/tools/bin/../lib/gcc/arm-none-eabi/9.3.1/../../../../arm-none-eabi/lib/thumb/v7e-m+fp/hard\libc_nano.a(lib_a-realloc.o)
                0x000000000800bf90                realloc
 .text._raise_r
                0x000000000800bfa0       0x50 c:/st/stm32cubeide_1.7.0/stm32cubeide/plugins/com.st.stm32cube.ide.mcu.externaltools.gnu-tools-for-stm32.9-2020-q2-update.win32_2.0.0.202105311346/tools/bin/../lib/gcc/arm-none-eabi/9.3.1/../../../../arm-none-eabi/lib/thumb/v7e-m+fp/hard\libc_nano.a(lib_a-signal.o)
                0x000000000800bfa0                _raise_r
 .text.raise    0x000000000800bff0       0x10 c:/st/stm32cubeide_1.7.0/stm32cubeide/plugins/com.st.stm32cube.ide.mcu.externaltools.gnu-tools-for-stm32.9-2020-q2-update.win32_2.0.0.202105311346/tools/bin/../lib/gcc/arm-none-eabi/9.3.1/../../../../arm-none-eabi/lib/thumb/v7e-m+fp/hard\libc_nano.a(lib_a-signal.o)
                0x000000000800bff0                raise
 .text._kill_r  0x000000000800c000       0x24 c:/st/stm32cubeide_1.7.0/stm32cubeide/plugins/com.st.stm32cube.ide.mcu.externaltools.gnu-tools-for-stm32.9-2020-q2-update.win32_2.0.0.202105311346/tools/bin/../lib/gcc/arm-none-eabi/9.3.1/../../../../arm-none-eabi/lib/thumb/v7e-m+fp/hard\libc_nano.a(lib_a-signalr.o)
                0x000000000800c000                _kill_r
 .text._getpid_r
                0x000000000800c024        0x4 c:/st/stm32cubeide_1.7.0/stm32cubeide/plugins/com.st.stm32cube.ide.mcu.externaltools.gnu-tools-for-stm32.9-2020-q2-update.win32_2.0.0.202105311346/tools/bin/../lib/gcc/arm-none-eabi/9.3.1/../../../../arm-none-eabi/lib/thumb/v7e-m+fp/hard\libc_nano.a(lib_a-signalr.o)
                0x000000000800c024                _getpid_r
 .text.sprintf  0x000000000800c028       0x40 c:/st/stm32cubeide_1.7.0/stm32cubeide/plugins/com.st.stm32cube.ide.mcu.externaltools.gnu-tools-for-stm32.9-2020-q2-update.win32_2.0.0.202105311346/tools/bin/../lib/gcc/arm-none-eabi/9.3.1/../../../../arm-none-eabi/lib/thumb/v7e-m+fp/hard\libc_nano.a(lib_a-sprintf.o)
                0x000000000800c028                siprintf
                0x000000000800c028                sprintf